▲ Next.js 16.1.1 (Turbopack)
- Environments: .env.local

⚠ The "middleware" file convention is deprecated. Please use "proxy" instead. Learn more: https://nextjs.org/docs/messages/middleware-to-proxy
  Creating an optimized production build ...

> Build error occurred
Error: Turbopack build failed with 24 errors:
./
App Router and Pages Router both match path: /classes/create
Next.js does not support having both App Router and Pages Router routes matching the same path. Please remove one of the conflicting routes.


./
App Router and Pages Router both match path: /departments/create
Next.js does not support having both App Router and Pages Router routes matching the same path. Please remove one of the conflicting routes.


./
App Router and Pages Router both match path: /enrollments/confirm
Next.js does not support having both App Router and Pages Router routes matching the same path. Please remove one of the conflicting routes.


./
App Router and Pages Router both match path: /enrollments/create
Next.js does not support having both App Router and Pages Router routes matching the same path. Please remove one of the conflicting routes.


./
App Router and Pages Router both match path: /enrollments/join
Next.js does not support having both App Router and Pages Router routes matching the same path. Please remove one of the conflicting routes.


./
App Router and Pages Router both match path: /login
Next.js does not support having both App Router and Pages Router routes matching the same path. Please remove one of the conflicting routes.


./
App Router and Pages Router both match path: /register
Next.js does not support having both App Router and Pages Router routes matching the same path. Please remove one of the conflicting routes.


./
App Router and Pages Router both match path: /subjects/create
Next.js does not support having both App Router and Pages Router routes matching the same path. Please remove one of the conflicting routes.


./app/layout.tsx:4:1
Module not found: Can't resolve '@refinedev/devtools'
[0m [90m 2 |[39m
 [90m 3 |[39m [36mimport[39m { [33mAuthenticated[39m[33m,[39m [33mRefine[39m } [36mfrom[39m [32m"@refinedev/core"[39m[33m;[39m
[31m[1m>[22m[39m[90m 4 |[39m [36mimport[39m { [33mDevtoolsProvider[39m } [36mfrom[39m [32m"@refinedev/devtools"[39m[33m;[39m
 [90m   |[39m [31m[1m^[22m[39m[31m[1m^[22m[39m[31m[1m^[22m[39m[31m[1m^[22m[39m[31m[1m^[22m[39m[31m[1m^[22m[39m[31m[1m^[22m[39m[31m[1m^[22m[39m[31m[1m^[22m[39m[31m[1m^[22m[39m[31m[1m^[22m[39m[31m[1m^[22m[39m[31m[1m^[22m[39m[31m[1m^[22m[39m[31m[1m^[22m[39m[31m[1m^[22m[39m[31m[1m^[22m[39m[31m[1m^[22m[39m[31m[1m^[22m[39m[31m[1m^[22m[39m[31m[1m^[22m[39m[31m[1m^[22m[39m[31m[1m^[22m[39m[31m[1m^[22m[39m[31m[1m^[22m[39m[31m[1m^[22m[39m[31m[1m^[22m[39m[31m[1m^[22m[39m[31m[1m^[22m[39m[31m[1m^[22m[39m[31m[1m^[22m[39m[31m[1m^[22m[39m[31m[1m^[22m[39m[31m[1m^[22m[39m[31m[1m^[22m[39m[31m[1m^[22m[39m[31m[1m^[22m[39m[31m[1m^[22m[39m[31m[1m^[22m[39m[31m[1m^[22m[39m[31m[1m^[22m[39m[31m[1m^[22m[39m[31m[1m^[22m[39m[31m[1m^[22m[39m[31m[1m^[22m[39m[31m[1m^[22m[39m[31m[1m^[22m[39m[31m[1m^[22m[39m[31m[1m^[22m[39m[31m[1m^[22m[39m[31m[1m^[22m[39m[31m[1m^[22m[39m[31m[1m^[22m[39m[31m[1m^[22m[39m[31m[1m^[22m[39m
 [90m 5 |[39m [36mimport[39m { [33mRefineKbar[39m[33m,[39m [33mRefineKbarProvider[39m } [36mfrom[39m [32m"@refinedev/kbar"[39m[33m;[39m
 [90m 6 |[39m [36mimport[39m routerProvider[33m,[39m {
 [90m 7 |[39m   [33mDocumentTitleHandler[39m[33m,[39m[0m



Import traces:
  Client Component Browser:
    ./app/layout.tsx [Client Component Browser]
    ./app/layout.tsx [Server Component]

  Client Component SSR:
    ./app/layout.tsx [Client Component SSR]
    ./app/layout.tsx [Server Component]

https://nextjs.org/docs/messages/module-not-found


./app/layout.tsx:5:1
Module not found: Can't resolve '@refinedev/kbar'
[0m [90m 3 |[39m [36mimport[39m { [33mAuthenticated[39m[33m,[39m [33mRefine[39m } [36mfrom[39m [32m"@refinedev/core"[39m[33m;[39m
 [90m 4 |[39m [36mimport[39m { [33mDevtoolsProvider[39m } [36mfrom[39m [32m"@refinedev/devtools"[39m[33m;[39m
[31m[1m>[22m[39m[90m 5 |[39m [36mimport[39m { [33mRefineKbar[39m[33m,[39m [33mRefineKbarProvider[39m } [36mfrom[39m [32m"@refinedev/kbar"[39m[33m;[39m
 [90m   |[39m [31m[1m^[22m[39m[31m[1m^[22m[39m[31m[1m^[22m[39m[31m[1m^[22m[39m[31m[1m^[22m[39m[31m[1m^[22m[39m[31m[1m^[22m[39m[31m[1m^[22m[39m[31m[1m^[22m[39m[31m[1m^[22m[39m[31m[1m^[22m[39m[31m[1m^[22m[39m[31m[1m^[22m[39m[31m[1m^[22m[39m[31m[1m^[22m[39m[31m[1m^[22m[39m[31m[1m^[22m[39m[31m[1m^[22m[39m[31m[1m^[22m[39m[31m[1m^[22m[39m[31m[1m^[22m[39m[31m[1m^[22m[39m[31m[1m^[22m[39m[31m[1m^[22m[39m[31m[1m^[22m[39m[31m[1m^[22m[39m[31m[1m^[22m[39m[31m[1m^[22m[39m[31m[1m^[22m[39m[31m[1m^[22m[39m[31m[1m^[22m[39m[31m[1m^[22m[39m[31m[1m^[22m[39m[31m[1m^[22m[39m[31m[1m^[22m[39m[31m[1m^[22m[39m[31m[1m^[22m[39m[31m[1m^[22m[39m[31m[1m^[22m[39m[31m[1m^[22m[39m[31m[1m^[22m[39m[31m[1m^[22m[39m[31m[1m^[22m[39m[31m[1m^[22m[39m[31m[1m^[22m[39m[31m[1m^[22m[39m[31m[1m^[22m[39m[31m[1m^[22m[39m[31m[1m^[22m[39m[31m[1m^[22m[39m[31m[1m^[22m[39m[31m[1m^[22m[39m[31m[1m^[22m[39m[31m[1m^[22m[39m[31m[1m^[22m[39m[31m[1m^[22m[39m[31m[1m^[22m[39m[31m[1m^[22m[39m[31m[1m^[22m[39m[31m[1m^[22m[39m[31m[1m^[22m[39m[31m[1m^[22m[39m[31m[1m^[22m[39m[31m[1m^[22m[39m[31m[1m^[22m[39m
 [90m 6 |[39m [36mimport[39m routerProvider[33m,[39m {
 [90m 7 |[39m   [33mDocumentTitleHandler[39m[33m,[39m
 [90m 8 |[39m   [33mUnsavedChangesNotifier[39m[33m,[39m[0m



Import traces:
  Client Component Browser:
    ./app/layout.tsx [Client Component Browser]
    ./app/layout.tsx [Server Component]

  Client Component SSR:
    ./app/layout.tsx [Client Component SSR]
    ./app/layout.tsx [Server Component]

https://nextjs.org/docs/messages/module-not-found


./providers/data.ts:1:1
Module not found: Can't resolve '@refinedev/rest'
[0m[31m[1m>[22m[39m[90m 1 |[39m [36mimport[39m { createDataProvider[33m,[39m [33mCreateDataProviderOptions[39m } [36mfrom[39m [32m"@refinedev/rest"[39m[33m;[39m
 [90m   |[39m [31m[1m^[22m[39m[31m[1m^[22m[39m[31m[1m^[22m[39m[31m[1m^[22m[39m[31m[1m^[22m[39m[31m[1m^[22m[39m[31m[1m^[22m[39m[31m[1m^[22m[39m[31m[1m^[22m[39m[31m[1m^[22m[39m[31m[1m^[22m[39m[31m[1m^[22m[39m[31m[1m^[22m[39m[31m[1m^[22m[39m[31m[1m^[22m[39m[31m[1m^[22m[39m[31m[1m^[22m[39m[31m[1m^[22m[39m[31m[1m^[22m[39m[31m[1m^[22m[39m[31m[1m^[22m[39m[31m[1m^[22m[39m[31m[1m^[22m[39m[31m[1m^[22m[39m[31m[1m^[22m[39m[31m[1m^[22m[39m[31m[1m^[22m[39m[31m[1m^[22m[39m[31m[1m^[22m[39m[31m[1m^[22m[39m[31m[1m^[22m[39m[31m[1m^[22m[39m[31m[1m^[22m[39m[31m[1m^[22m[39m[31m[1m^[22m[39m[31m[1m^[22m[39m[31m[1m^[22m[39m[31m[1m^[22m[39m[31m[1m^[22m[39m[31m[1m^[22m[39m[31m[1m^[22m[39m[31m[1m^[22m[39m[31m[1m^[22m[39m[31m[1m^[22m[39m[31m[1m^[22m[39m[31m[1m^[22m[39m[31m[1m^[22m[39m[31m[1m^[22m[39m[31m[1m^[22m[39m[31m[1m^[22m[39m[31m[1m^[22m[39m[31m[1m^[22m[39m[31m[1m^[22m[39m[31m[1m^[22m[39m[31m[1m^[22m[39m[31m[1m^[22m[39m[31m[1m^[22m[39m[31m[1m^[22m[39m[31m[1m^[22m[39m[31m[1m^[22m[39m[31m[1m^[22m[39m[31m[1m^[22m[39m[31m[1m^[22m[39m[31m[1m^[22m[39m[31m[1m^[22m[39m[31m[1m^[22m[39m[31m[1m^[22m[39m[31m[1m^[22m[39m[31m[1m^[22m[39m[31m[1m^[22m[39m[31m[1m^[22m[39m[31m[1m^[22m[39m[31m[1m^[22m[39m[31m[1m^[22m[39m[31m[1m^[22m[39m[31m[1m^[22m[39m[31m[1m^[22m[39m[31m[1m^[22m[39m[31m[1m^[22m[39m[31m[1m^[22m[39m
 [90m 2 |[39m
 [90m 3 |[39m [36mimport[39m { [33mCreateResponse[39m[33m,[39m [33mGetOneResponse[39m[33m,[39m [33mListResponse[39m } [36mfrom[39m [32m"@/types"[39m[33m;[39m
 [90m 4 |[39m [36mimport[39m { [33mBACKEND_BASE_URL[39m } [36mfrom[39m [32m"@/constants"[39m[33m;[39m[0m



Import traces:
  Client Component Browser:
    ./providers/data.ts [Client Component Browser]
    ./app/layout.tsx [Client Component Browser]
    ./app/layout.tsx [Server Component]

  Client Component SSR:
    ./providers/data.ts [Client Component SSR]
    ./app/layout.tsx [Client Component SSR]
    ./app/layout.tsx [Server Component]

https://nextjs.org/docs/messages/module-not-found


./pages/classes/show.tsx:6:1
Module not found: Can't resolve 'react-router'
[0m [90m 4 |[39m [36mimport[39m { [33mColumnDef[39m } [36mfrom[39m [32m"@tanstack/react-table"[39m[33m;[39m
 [90m 5 |[39m [36mimport[39m { useMemo } [36mfrom[39m [32m"react"[39m[33m;[39m
[31m[1m>[22m[39m[90m 6 |[39m [36mimport[39m { useParams } [36mfrom[39m [32m"react-router"[39m[33m;[39m
 [90m   |[39m [31m[1m^[22m[39m[31m[1m^[22m[39m[31m[1m^[22m[39m[31m[1m^[22m[39m[31m[1m^[22m[39m[31m[1m^[22m[39m[31m[1m^[22m[39m[31m[1m^[22m[39m[31m[1m^[22m[39m[31m[1m^[22m[39m[31m[1m^[22m[39m[31m[1m^[22m[39m[31m[1m^[22m[39m[31m[1m^[22m[39m[31m[1m^[22m[39m[31m[1m^[22m[39m[31m[1m^[22m[39m[31m[1m^[22m[39m[31m[1m^[22m[39m[31m[1m^[22m[39m[31m[1m^[22m[39m[31m[1m^[22m[39m[31m[1m^[22m[39m[31m[1m^[22m[39m[31m[1m^[22m[39m[31m[1m^[22m[39m[31m[1m^[22m[39m[31m[1m^[22m[39m[31m[1m^[22m[39m[31m[1m^[22m[39m[31m[1m^[22m[39m[31m[1m^[22m[39m[31m[1m^[22m[39m[31m[1m^[22m[39m[31m[1m^[22m[39m[31m[1m^[22m[39m[31m[1m^[22m[39m[31m[1m^[22m[39m[31m[1m^[22m[39m[31m[1m^[22m[39m[31m[1m^[22m[39m
 [90m 7 |[39m
 [90m 8 |[39m [36mimport[39m { [33mDataTable[39m } [36mfrom[39m [32m"@/components/refine-ui/data-table/data-table"[39m[33m;[39m
 [90m 9 |[39m [36mimport[39m { [33mShowButton[39m } [36mfrom[39m [32m"@/components/refine-ui/buttons/show"[39m[33m;[39m[0m



Import traces:
  Client Component Browser:
    ./pages/classes/show.tsx [Client Component Browser]
    ./app/classes/show/[id]/page.tsx [Client Component Browser]
    ./app/classes/show/[id]/page.tsx [Server Component]

  Client Component SSR:
    ./pages/classes/show.tsx [Client Component SSR]
    ./app/classes/show/[id]/page.tsx [Client Component SSR]
    ./app/classes/show/[id]/page.tsx [Server Component]

https://nextjs.org/docs/messages/module-not-found


./pages/departments/show.tsx:6:1
Module not found: Can't resolve 'react-router'
[0m [90m 4 |[39m [36mimport[39m { [33mBookOpen[39m[33m,[39m [33mLayers[39m[33m,[39m [33mUsers[39m } [36mfrom[39m [32m"lucide-react"[39m[33m;[39m
 [90m 5 |[39m [36mimport[39m { useMemo } [36mfrom[39m [32m"react"[39m[33m;[39m
[31m[1m>[22m[39m[90m 6 |[39m [36mimport[39m { useParams } [36mfrom[39m [32m"react-router"[39m[33m;[39m
 [90m   |[39m [31m[1m^[22m[39m[31m[1m^[22m[39m[31m[1m^[22m[39m[31m[1m^[22m[39m[31m[1m^[22m[39m[31m[1m^[22m[39m[31m[1m^[22m[39m[31m[1m^[22m[39m[31m[1m^[22m[39m[31m[1m^[22m[39m[31m[1m^[22m[39m[31m[1m^[22m[39m[31m[1m^[22m[39m[31m[1m^[22m[39m[31m[1m^[22m[39m[31m[1m^[22m[39m[31m[1m^[22m[39m[31m[1m^[22m[39m[31m[1m^[22m[39m[31m[1m^[22m[39m[31m[1m^[22m[39m[31m[1m^[22m[39m[31m[1m^[22m[39m[31m[1m^[22m[39m[31m[1m^[22m[39m[31m[1m^[22m[39m[31m[1m^[22m[39m[31m[1m^[22m[39m[31m[1m^[22m[39m[31m[1m^[22m[39m[31m[1m^[22m[39m[31m[1m^[22m[39m[31m[1m^[22m[39m[31m[1m^[22m[39m[31m[1m^[22m[39m[31m[1m^[22m[39m[31m[1m^[22m[39m[31m[1m^[22m[39m[31m[1m^[22m[39m[31m[1m^[22m[39m[31m[1m^[22m[39m
 [90m 7 |[39m
 [90m 8 |[39m [36mimport[39m { [33mAvatar[39m[33m,[39m [33mAvatarFallback[39m[33m,[39m [33mAvatarImage[39m } [36mfrom[39m [32m"@/components/ui/avatar"[39m[33m;[39m
 [90m 9 |[39m [36mimport[39m { [33mBadge[39m } [36mfrom[39m [32m"@/components/ui/badge"[39m[33m;[39m[0m



Import traces:
  Client Component Browser:
    ./pages/departments/show.tsx [Client Component Browser]
    ./app/departments/show/[id]/page.tsx [Client Component Browser]
    ./app/departments/show/[id]/page.tsx [Server Component]

  Client Component SSR:
    ./pages/departments/show.tsx [Client Component SSR]
    ./app/departments/show/[id]/page.tsx [Client Component SSR]
    ./app/departments/show/[id]/page.tsx [Server Component]

https://nextjs.org/docs/messages/module-not-found


./pages/faculty/list.tsx:5:1
Module not found: Can't resolve 'react-router'
[0m [90m 3 |[39m [36mimport[39m { [33mColumnDef[39m } [36mfrom[39m [32m"@tanstack/react-table"[39m[33m;[39m
 [90m 4 |[39m [36mimport[39m { useTable } [36mfrom[39m [32m"@refinedev/react-table"[39m[33m;[39m
[31m[1m>[22m[39m[90m 5 |[39m [36mimport[39m { useSearchParams } [36mfrom[39m [32m"react-router"[39m[33m;[39m
 [90m   |[39m [31m[1m^[22m[39m[31m[1m^[22m[39m[31m[1m^[22m[39m[31m[1m^[22m[39m[31m[1m^[22m[39m[31m[1m^[22m[39m[31m[1m^[22m[39m[31m[1m^[22m[39m[31m[1m^[22m[39m[31m[1m^[22m[39m[31m[1m^[22m[39m[31m[1m^[22m[39m[31m[1m^[22m[39m[31m[1m^[22m[39m[31m[1m^[22m[39m[31m[1m^[22m[39m[31m[1m^[22m[39m[31m[1m^[22m[39m[31m[1m^[22m[39m[31m[1m^[22m[39m[31m[1m^[22m[39m[31m[1m^[22m[39m[31m[1m^[22m[39m[31m[1m^[22m[39m[31m[1m^[22m[39m[31m[1m^[22m[39m[31m[1m^[22m[39m[31m[1m^[22m[39m[31m[1m^[22m[39m[31m[1m^[22m[39m[31m[1m^[22m[39m[31m[1m^[22m[39m[31m[1m^[22m[39m[31m[1m^[22m[39m[31m[1m^[22m[39m[31m[1m^[22m[39m[31m[1m^[22m[39m[31m[1m^[22m[39m[31m[1m^[22m[39m[31m[1m^[22m[39m[31m[1m^[22m[39m[31m[1m^[22m[39m[31m[1m^[22m[39m[31m[1m^[22m[39m[31m[1m^[22m[39m[31m[1m^[22m[39m[31m[1m^[22m[39m
 [90m 6 |[39m
 [90m 7 |[39m [36mimport[39m { [33mBadge[39m } [36mfrom[39m [32m"@/components/ui/badge"[39m[33m;[39m
 [90m 8 |[39m [36mimport[39m { [33mInput[39m } [36mfrom[39m [32m"@/components/ui/input"[39m[33m;[39m[0m



Import traces:
  Client Component Browser:
    ./pages/faculty/list.tsx [Client Component Browser]
    ./app/faculty/page.tsx [Client Component Browser]
    ./app/faculty/page.tsx [Server Component]

  Client Component SSR:
    ./pages/faculty/list.tsx [Client Component SSR]
    ./app/faculty/page.tsx [Client Component SSR]
    ./app/faculty/page.tsx [Server Component]

https://nextjs.org/docs/messages/module-not-found


./pages/faculty/show.tsx:5:1
Module not found: Can't resolve 'react-router'
[0m [90m 3 |[39m [36mimport[39m { [33mColumnDef[39m } [36mfrom[39m [32m"@tanstack/react-table"[39m[33m;[39m
 [90m 4 |[39m [36mimport[39m { useMemo } [36mfrom[39m [32m"react"[39m[33m;[39m
[31m[1m>[22m[39m[90m 5 |[39m [36mimport[39m { useParams } [36mfrom[39m [32m"react-router"[39m[33m;[39m
 [90m   |[39m [31m[1m^[22m[39m[31m[1m^[22m[39m[31m[1m^[22m[39m[31m[1m^[22m[39m[31m[1m^[22m[39m[31m[1m^[22m[39m[31m[1m^[22m[39m[31m[1m^[22m[39m[31m[1m^[22m[39m[31m[1m^[22m[39m[31m[1m^[22m[39m[31m[1m^[22m[39m[31m[1m^[22m[39m[31m[1m^[22m[39m[31m[1m^[22m[39m[31m[1m^[22m[39m[31m[1m^[22m[39m[31m[1m^[22m[39m[31m[1m^[22m[39m[31m[1m^[22m[39m[31m[1m^[22m[39m[31m[1m^[22m[39m[31m[1m^[22m[39m[31m[1m^[22m[39m[31m[1m^[22m[39m[31m[1m^[22m[39m[31m[1m^[22m[39m[31m[1m^[22m[39m[31m[1m^[22m[39m[31m[1m^[22m[39m[31m[1m^[22m[39m[31m[1m^[22m[39m[31m[1m^[22m[39m[31m[1m^[22m[39m[31m[1m^[22m[39m[31m[1m^[22m[39m[31m[1m^[22m[39m[31m[1m^[22m[39m[31m[1m^[22m[39m[31m[1m^[22m[39m[31m[1m^[22m[39m
 [90m 6 |[39m
 [90m 7 |[39m [36mimport[39m { [33mAvatar[39m[33m,[39m [33mAvatarFallback[39m[33m,[39m [33mAvatarImage[39m } [36mfrom[39m [32m"@/components/ui/avatar"[39m[33m;[39m
 [90m 8 |[39m [36mimport[39m { [33mBadge[39m } [36mfrom[39m [32m"@/components/ui/badge"[39m[33m;[39m[0m



Import traces:
  Client Component Browser:
    ./pages/faculty/show.tsx [Client Component Browser]
    ./app/faculty/show/[id]/page.tsx [Client Component Browser]
    ./app/faculty/show/[id]/page.tsx [Server Component]

  Client Component SSR:
    ./pages/faculty/show.tsx [Client Component SSR]
    ./app/faculty/show/[id]/page.tsx [Client Component SSR]
    ./app/faculty/show/[id]/page.tsx [Server Component]

https://nextjs.org/docs/messages/module-not-found


./pages/subjects/show.tsx:5:1
Module not found: Can't resolve 'react-router'
[0m [90m 3 |[39m [36mimport[39m { [33mColumnDef[39m } [36mfrom[39m [32m"@tanstack/react-table"[39m[33m;[39m
 [90m 4 |[39m [36mimport[39m { useMemo } [36mfrom[39m [32m"react"[39m[33m;[39m
[31m[1m>[22m[39m[90m 5 |[39m [36mimport[39m { useParams } [36mfrom[39m [32m"react-router"[39m[33m;[39m
 [90m   |[39m [31m[1m^[22m[39m[31m[1m^[22m[39m[31m[1m^[22m[39m[31m[1m^[22m[39m[31m[1m^[22m[39m[31m[1m^[22m[39m[31m[1m^[22m[39m[31m[1m^[22m[39m[31m[1m^[22m[39m[31m[1m^[22m[39m[31m[1m^[22m[39m[31m[1m^[22m[39m[31m[1m^[22m[39m[31m[1m^[22m[39m[31m[1m^[22m[39m[31m[1m^[22m[39m[31m[1m^[22m[39m[31m[1m^[22m[39m[31m[1m^[22m[39m[31m[1m^[22m[39m[31m[1m^[22m[39m[31m[1m^[22m[39m[31m[1m^[22m[39m[31m[1m^[22m[39m[31m[1m^[22m[39m[31m[1m^[22m[39m[31m[1m^[22m[39m[31m[1m^[22m[39m[31m[1m^[22m[39m[31m[1m^[22m[39m[31m[1m^[22m[39m[31m[1m^[22m[39m[31m[1m^[22m[39m[31m[1m^[22m[39m[31m[1m^[22m[39m[31m[1m^[22m[39m[31m[1m^[22m[39m[31m[1m^[22m[39m[31m[1m^[22m[39m[31m[1m^[22m[39m[31m[1m^[22m[39m
 [90m 6 |[39m
 [90m 7 |[39m [36mimport[39m { [33mAvatar[39m[33m,[39m [33mAvatarFallback[39m[33m,[39m [33mAvatarImage[39m } [36mfrom[39m [32m"@/components/ui/avatar"[39m[33m;[39m
 [90m 8 |[39m [36mimport[39m { [33mBadge[39m } [36mfrom[39m [32m"@/components/ui/badge"[39m[33m;[39m[0m



Import traces:
  Client Component Browser:
    ./pages/subjects/show.tsx [Client Component Browser]
    ./app/subjects/show/[id]/page.tsx [Client Component Browser]
    ./app/subjects/show/[id]/page.tsx [Server Component]

  Client Component SSR:
    ./pages/subjects/show.tsx [Client Component SSR]
    ./app/subjects/show/[id]/page.tsx [Client Component SSR]
    ./app/subjects/show/[id]/page.tsx [Server Component]

https://nextjs.org/docs/messages/module-not-found


./app/layout.tsx:6:1
Export DocumentTitleHandler doesn't exist in target module
[0m [90m  4 |[39m [36mimport[39m { [33mDevtoolsProvider[39m } [36mfrom[39m [32m"@refinedev/devtools"[39m[33m;[39m
 [90m  5 |[39m [36mimport[39m { [33mRefineKbar[39m[33m,[39m [33mRefineKbarProvider[39m } [36mfrom[39m [32m"@refinedev/kbar"[39m[33m;[39m
[31m[1m>[22m[39m[90m  6 |[39m [36mimport[39m routerProvider[33m,[39m {
 [90m    |[39m [31m[1m^[22m[39m[31m[1m^[22m[39m[31m[1m^[22m[39m[31m[1m^[22m[39m[31m[1m^[22m[39m[31m[1m^[22m[39m[31m[1m^[22m[39m[31m[1m^[22m[39m[31m[1m^[22m[39m[31m[1m^[22m[39m[31m[1m^[22m[39m[31m[1m^[22m[39m[31m[1m^[22m[39m[31m[1m^[22m[39m[31m[1m^[22m[39m[31m[1m^[22m[39m[31m[1m^[22m[39m[31m[1m^[22m[39m[31m[1m^[22m[39m[31m[1m^[22m[39m[31m[1m^[22m[39m[31m[1m^[22m[39m[31m[1m^[22m[39m[31m[1m^[22m[39m
[31m[1m>[22m[39m[90m  7 |[39m   [33mDocumentTitleHandler[39m[33m,[39m
 [90m    |[39m [31m[1m^[22m[39m[31m[1m^[22m[39m[31m[1m^[22m[39m[31m[1m^[22m[39m[31m[1m^[22m[39m[31m[1m^[22m[39m[31m[1m^[22m[39m[31m[1m^[22m[39m[31m[1m^[22m[39m[31m[1m^[22m[39m[31m[1m^[22m[39m[31m[1m^[22m[39m[31m[1m^[22m[39m[31m[1m^[22m[39m[31m[1m^[22m[39m[31m[1m^[22m[39m[31m[1m^[22m[39m[31m[1m^[22m[39m[31m[1m^[22m[39m[31m[1m^[22m[39m[31m[1m^[22m[39m[31m[1m^[22m[39m[31m[1m^[22m[39m
[31m[1m>[22m[39m[90m  8 |[39m   [33mUnsavedChangesNotifier[39m[33m,[39m
 [90m    |[39m [31m[1m^[22m[39m[31m[1m^[22m[39m[31m[1m^[22m[39m[31m[1m^[22m[39m[31m[1m^[22m[39m[31m[1m^[22m[39m[31m[1m^[22m[39m[31m[1m^[22m[39m[31m[1m^[22m[39m[31m[1m^[22m[39m[31m[1m^[22m[39m[31m[1m^[22m[39m[31m[1m^[22m[39m[31m[1m^[22m[39m[31m[1m^[22m[39m[31m[1m^[22m[39m[31m[1m^[22m[39m[31m[1m^[22m[39m[31m[1m^[22m[39m[31m[1m^[22m[39m[31m[1m^[22m[39m[31m[1m^[22m[39m[31m[1m^[22m[39m
[31m[1m>[22m[39m[90m  9 |[39m } [36mfrom[39m [32m"@refinedev/nextjs-router"[39m[33m;[39m
 [90m    |[39m [31m[1m^[22m[39m[31m[1m^[22m[39m[31m[1m^[22m[39m[31m[1m^[22m[39m[31m[1m^[22m[39m[31m[1m^[22m[39m[31m[1m^[22m[39m[31m[1m^[22m[39m[31m[1m^[22m[39m[31m[1m^[22m[39m[31m[1m^[22m[39m[31m[1m^[22m[39m[31m[1m^[22m[39m[31m[1m^[22m[39m[31m[1m^[22m[39m[31m[1m^[22m[39m[31m[1m^[22m[39m[31m[1m^[22m[39m[31m[1m^[22m[39m[31m[1m^[22m[39m[31m[1m^[22m[39m[31m[1m^[22m[39m[31m[1m^[22m[39m[31m[1m^[22m[39m[31m[1m^[22m[39m[31m[1m^[22m[39m[31m[1m^[22m[39m[31m[1m^[22m[39m[31m[1m^[22m[39m[31m[1m^[22m[39m[31m[1m^[22m[39m[31m[1m^[22m[39m[31m[1m^[22m[39m[31m[1m^[22m[39m[31m[1m^[22m[39m
 [90m 10 |[39m [36mimport[39m [32m"@/globals.css"[39m[33m;[39m
 [90m 11 |[39m [36mimport[39m { [33mToaster[39m } [36mfrom[39m [32m"@/components/refine-ui/notification/toaster"[39m[33m;[39m
 [90m 12 |[39m [36mimport[39m { useNotificationProvider } [36mfrom[39m [32m"@/components/refine-ui/notification/use-notification-provider"[39m[33m;[39m[0m

The export DocumentTitleHandler was not found in module [project]/node_modules/@refinedev/nextjs-router/dist/index.mjs [app-client] (ecmascript).
Did you mean to import RefineRoutes?
All exports of the module are statically known (It doesn't have dynamic exports). So it's known statically that the requested export doesn't exist.

Import traces:
  Client Component Browser:
    ./app/layout.tsx [Client Component Browser]
    ./app/layout.tsx [Server Component]

  Client Component SSR:
    ./app/layout.tsx [Client Component SSR]
    ./app/layout.tsx [Server Component]


./app/layout.tsx:6:1
Export DocumentTitleHandler doesn't exist in target module
[0m [90m  4 |[39m [36mimport[39m { [33mDevtoolsProvider[39m } [36mfrom[39m [32m"@refinedev/devtools"[39m[33m;[39m
 [90m  5 |[39m [36mimport[39m { [33mRefineKbar[39m[33m,[39m [33mRefineKbarProvider[39m } [36mfrom[39m [32m"@refinedev/kbar"[39m[33m;[39m
[31m[1m>[22m[39m[90m  6 |[39m [36mimport[39m routerProvider[33m,[39m {
 [90m    |[39m [31m[1m^[22m[39m[31m[1m^[22m[39m[31m[1m^[22m[39m[31m[1m^[22m[39m[31m[1m^[22m[39m[31m[1m^[22m[39m[31m[1m^[22m[39m[31m[1m^[22m[39m[31m[1m^[22m[39m[31m[1m^[22m[39m[31m[1m^[22m[39m[31m[1m^[22m[39m[31m[1m^[22m[39m[31m[1m^[22m[39m[31m[1m^[22m[39m[31m[1m^[22m[39m[31m[1m^[22m[39m[31m[1m^[22m[39m[31m[1m^[22m[39m[31m[1m^[22m[39m[31m[1m^[22m[39m[31m[1m^[22m[39m[31m[1m^[22m[39m[31m[1m^[22m[39m
[31m[1m>[22m[39m[90m  7 |[39m   [33mDocumentTitleHandler[39m[33m,[39m
 [90m    |[39m [31m[1m^[22m[39m[31m[1m^[22m[39m[31m[1m^[22m[39m[31m[1m^[22m[39m[31m[1m^[22m[39m[31m[1m^[22m[39m[31m[1m^[22m[39m[31m[1m^[22m[39m[31m[1m^[22m[39m[31m[1m^[22m[39m[31m[1m^[22m[39m[31m[1m^[22m[39m[31m[1m^[22m[39m[31m[1m^[22m[39m[31m[1m^[22m[39m[31m[1m^[22m[39m[31m[1m^[22m[39m[31m[1m^[22m[39m[31m[1m^[22m[39m[31m[1m^[22m[39m[31m[1m^[22m[39m[31m[1m^[22m[39m[31m[1m^[22m[39m
[31m[1m>[22m[39m[90m  8 |[39m   [33mUnsavedChangesNotifier[39m[33m,[39m
 [90m    |[39m [31m[1m^[22m[39m[31m[1m^[22m[39m[31m[1m^[22m[39m[31m[1m^[22m[39m[31m[1m^[22m[39m[31m[1m^[22m[39m[31m[1m^[22m[39m[31m[1m^[22m[39m[31m[1m^[22m[39m[31m[1m^[22m[39m[31m[1m^[22m[39m[31m[1m^[22m[39m[31m[1m^[22m[39m[31m[1m^[22m[39m[31m[1m^[22m[39m[31m[1m^[22m[39m[31m[1m^[22m[39m[31m[1m^[22m[39m[31m[1m^[22m[39m[31m[1m^[22m[39m[31m[1m^[22m[39m[31m[1m^[22m[39m[31m[1m^[22m[39m
[31m[1m>[22m[39m[90m  9 |[39m } [36mfrom[39m [32m"@refinedev/nextjs-router"[39m[33m;[39m
 [90m    |[39m [31m[1m^[22m[39m[31m[1m^[22m[39m[31m[1m^[22m[39m[31m[1m^[22m[39m[31m[1m^[22m[39m[31m[1m^[22m[39m[31m[1m^[22m[39m[31m[1m^[22m[39m[31m[1m^[22m[39m[31m[1m^[22m[39m[31m[1m^[22m[39m[31m[1m^[22m[39m[31m[1m^[22m[39m[31m[1m^[22m[39m[31m[1m^[22m[39m[31m[1m^[22m[39m[31m[1m^[22m[39m[31m[1m^[22m[39m[31m[1m^[22m[39m[31m[1m^[22m[39m[31m[1m^[22m[39m[31m[1m^[22m[39m[31m[1m^[22m[39m[31m[1m^[22m[39m[31m[1m^[22m[39m[31m[1m^[22m[39m[31m[1m^[22m[39m[31m[1m^[22m[39m[31m[1m^[22m[39m[31m[1m^[22m[39m[31m[1m^[22m[39m[31m[1m^[22m[39m[31m[1m^[22m[39m[31m[1m^[22m[39m[31m[1m^[22m[39m
 [90m 10 |[39m [36mimport[39m [32m"@/globals.css"[39m[33m;[39m
 [90m 11 |[39m [36mimport[39m { [33mToaster[39m } [36mfrom[39m [32m"@/components/refine-ui/notification/toaster"[39m[33m;[39m
 [90m 12 |[39m [36mimport[39m { useNotificationProvider } [36mfrom[39m [32m"@/components/refine-ui/notification/use-notification-provider"[39m[33m;[39m[0m

The export DocumentTitleHandler was not found in module [project]/node_modules/@refinedev/nextjs-router/dist/index.mjs [app-ssr] (ecmascript).
Did you mean to import RefineRoutes?
All exports of the module are statically known (It doesn't have dynamic exports). So it's known statically that the requested export doesn't exist.

Import traces:
  Client Component Browser:
    ./app/layout.tsx [Client Component Browser]
    ./app/layout.tsx [Server Component]

  Client Component SSR:
    ./app/layout.tsx [Client Component SSR]
    ./app/layout.tsx [Server Component]


./app/layout.tsx:6:1
Export UnsavedChangesNotifier doesn't exist in target module
[0m [90m  4 |[39m [36mimport[39m { [33mDevtoolsProvider[39m } [36mfrom[39m [32m"@refinedev/devtools"[39m[33m;[39m
 [90m  5 |[39m [36mimport[39m { [33mRefineKbar[39m[33m,[39m [33mRefineKbarProvider[39m } [36mfrom[39m [32m"@refinedev/kbar"[39m[33m;[39m
[31m[1m>[22m[39m[90m  6 |[39m [36mimport[39m routerProvider[33m,[39m {
 [90m    |[39m [31m[1m^[22m[39m[31m[1m^[22m[39m[31m[1m^[22m[39m[31m[1m^[22m[39m[31m[1m^[22m[39m[31m[1m^[22m[39m[31m[1m^[22m[39m[31m[1m^[22m[39m[31m[1m^[22m[39m[31m[1m^[22m[39m[31m[1m^[22m[39m[31m[1m^[22m[39m[31m[1m^[22m[39m[31m[1m^[22m[39m[31m[1m^[22m[39m[31m[1m^[22m[39m[31m[1m^[22m[39m[31m[1m^[22m[39m[31m[1m^[22m[39m[31m[1m^[22m[39m[31m[1m^[22m[39m[31m[1m^[22m[39m[31m[1m^[22m[39m[31m[1m^[22m[39m
[31m[1m>[22m[39m[90m  7 |[39m   [33mDocumentTitleHandler[39m[33m,[39m
 [90m    |[39m [31m[1m^[22m[39m[31m[1m^[22m[39m[31m[1m^[22m[39m[31m[1m^[22m[39m[31m[1m^[22m[39m[31m[1m^[22m[39m[31m[1m^[22m[39m[31m[1m^[22m[39m[31m[1m^[22m[39m[31m[1m^[22m[39m[31m[1m^[22m[39m[31m[1m^[22m[39m[31m[1m^[22m[39m[31m[1m^[22m[39m[31m[1m^[22m[39m[31m[1m^[22m[39m[31m[1m^[22m[39m[31m[1m^[22m[39m[31m[1m^[22m[39m[31m[1m^[22m[39m[31m[1m^[22m[39m[31m[1m^[22m[39m[31m[1m^[22m[39m
[31m[1m>[22m[39m[90m  8 |[39m   [33mUnsavedChangesNotifier[39m[33m,[39m
 [90m    |[39m [31m[1m^[22m[39m[31m[1m^[22m[39m[31m[1m^[22m[39m[31m[1m^[22m[39m[31m[1m^[22m[39m[31m[1m^[22m[39m[31m[1m^[22m[39m[31m[1m^[22m[39m[31m[1m^[22m[39m[31m[1m^[22m[39m[31m[1m^[22m[39m[31m[1m^[22m[39m[31m[1m^[22m[39m[31m[1m^[22m[39m[31m[1m^[22m[39m[31m[1m^[22m[39m[31m[1m^[22m[39m[31m[1m^[22m[39m[31m[1m^[22m[39m[31m[1m^[22m[39m[31m[1m^[22m[39m[31m[1m^[22m[39m[31m[1m^[22m[39m
[31m[1m>[22m[39m[90m  9 |[39m } [36mfrom[39m [32m"@refinedev/nextjs-router"[39m[33m;[39m
 [90m    |[39m [31m[1m^[22m[39m[31m[1m^[22m[39m[31m[1m^[22m[39m[31m[1m^[22m[39m[31m[1m^[22m[39m[31m[1m^[22m[39m[31m[1m^[22m[39m[31m[1m^[22m[39m[31m[1m^[22m[39m[31m[1m^[22m[39m[31m[1m^[22m[39m[31m[1m^[22m[39m[31m[1m^[22m[39m[31m[1m^[22m[39m[31m[1m^[22m[39m[31m[1m^[22m[39m[31m[1m^[22m[39m[31m[1m^[22m[39m[31m[1m^[22m[39m[31m[1m^[22m[39m[31m[1m^[22m[39m[31m[1m^[22m[39m[31m[1m^[22m[39m[31m[1m^[22m[39m[31m[1m^[22m[39m[31m[1m^[22m[39m[31m[1m^[22m[39m[31m[1m^[22m[39m[31m[1m^[22m[39m[31m[1m^[22m[39m[31m[1m^[22m[39m[31m[1m^[22m[39m[31m[1m^[22m[39m[31m[1m^[22m[39m[31m[1m^[22m[39m
 [90m 10 |[39m [36mimport[39m [32m"@/globals.css"[39m[33m;[39m
 [90m 11 |[39m [36mimport[39m { [33mToaster[39m } [36mfrom[39m [32m"@/components/refine-ui/notification/toaster"[39m[33m;[39m
 [90m 12 |[39m [36mimport[39m { useNotificationProvider } [36mfrom[39m [32m"@/components/refine-ui/notification/use-notification-provider"[39m[33m;[39m[0m

The export UnsavedChangesNotifier was not found in module [project]/node_modules/@refinedev/nextjs-router/dist/index.mjs [app-client] (ecmascript).
Did you mean to import NavigateToResource?
All exports of the module are statically known (It doesn't have dynamic exports). So it's known statically that the requested export doesn't exist.

Import traces:
  Client Component Browser:
    ./app/layout.tsx [Client Component Browser]
    ./app/layout.tsx [Server Component]

  Client Component SSR:
    ./app/layout.tsx [Client Component SSR]
    ./app/layout.tsx [Server Component]


./app/layout.tsx:6:1
Export UnsavedChangesNotifier doesn't exist in target module
[0m [90m  4 |[39m [36mimport[39m { [33mDevtoolsProvider[39m } [36mfrom[39m [32m"@refinedev/devtools"[39m[33m;[39m
 [90m  5 |[39m [36mimport[39m { [33mRefineKbar[39m[33m,[39m [33mRefineKbarProvider[39m } [36mfrom[39m [32m"@refinedev/kbar"[39m[33m;[39m
[31m[1m>[22m[39m[90m  6 |[39m [36mimport[39m routerProvider[33m,[39m {
 [90m    |[39m [31m[1m^[22m[39m[31m[1m^[22m[39m[31m[1m^[22m[39m[31m[1m^[22m[39m[31m[1m^[22m[39m[31m[1m^[22m[39m[31m[1m^[22m[39m[31m[1m^[22m[39m[31m[1m^[22m[39m[31m[1m^[22m[39m[31m[1m^[22m[39m[31m[1m^[22m[39m[31m[1m^[22m[39m[31m[1m^[22m[39m[31m[1m^[22m[39m[31m[1m^[22m[39m[31m[1m^[22m[39m[31m[1m^[22m[39m[31m[1m^[22m[39m[31m[1m^[22m[39m[31m[1m^[22m[39m[31m[1m^[22m[39m[31m[1m^[22m[39m[31m[1m^[22m[39m
[31m[1m>[22m[39m[90m  7 |[39m   [33mDocumentTitleHandler[39m[33m,[39m
 [90m    |[39m [31m[1m^[22m[39m[31m[1m^[22m[39m[31m[1m^[22m[39m[31m[1m^[22m[39m[31m[1m^[22m[39m[31m[1m^[22m[39m[31m[1m^[22m[39m[31m[1m^[22m[39m[31m[1m^[22m[39m[31m[1m^[22m[39m[31m[1m^[22m[39m[31m[1m^[22m[39m[31m[1m^[22m[39m[31m[1m^[22m[39m[31m[1m^[22m[39m[31m[1m^[22m[39m[31m[1m^[22m[39m[31m[1m^[22m[39m[31m[1m^[22m[39m[31m[1m^[22m[39m[31m[1m^[22m[39m[31m[1m^[22m[39m[31m[1m^[22m[39m
[31m[1m>[22m[39m[90m  8 |[39m   [33mUnsavedChangesNotifier[39m[33m,[39m
 [90m    |[39m [31m[1m^[22m[39m[31m[1m^[22m[39m[31m[1m^[22m[39m[31m[1m^[22m[39m[31m[1m^[22m[39m[31m[1m^[22m[39m[31m[1m^[22m[39m[31m[1m^[22m[39m[31m[1m^[22m[39m[31m[1m^[22m[39m[31m[1m^[22m[39m[31m[1m^[22m[39m[31m[1m^[22m[39m[31m[1m^[22m[39m[31m[1m^[22m[39m[31m[1m^[22m[39m[31m[1m^[22m[39m[31m[1m^[22m[39m[31m[1m^[22m[39m[31m[1m^[22m[39m[31m[1m^[22m[39m[31m[1m^[22m[39m[31m[1m^[22m[39m
[31m[1m>[22m[39m[90m  9 |[39m } [36mfrom[39m [32m"@refinedev/nextjs-router"[39m[33m;[39m
 [90m    |[39m [31m[1m^[22m[39m[31m[1m^[22m[39m[31m[1m^[22m[39m[31m[1m^[22m[39m[31m[1m^[22m[39m[31m[1m^[22m[39m[31m[1m^[22m[39m[31m[1m^[22m[39m[31m[1m^[22m[39m[31m[1m^[22m[39m[31m[1m^[22m[39m[31m[1m^[22m[39m[31m[1m^[22m[39m[31m[1m^[22m[39m[31m[1m^[22m[39m[31m[1m^[22m[39m[31m[1m^[22m[39m[31m[1m^[22m[39m[31m[1m^[22m[39m[31m[1m^[22m[39m[31m[1m^[22m[39m[31m[1m^[22m[39m[31m[1m^[22m[39m[31m[1m^[22m[39m[31m[1m^[22m[39m[31m[1m^[22m[39m[31m[1m^[22m[39m[31m[1m^[22m[39m[31m[1m^[22m[39m[31m[1m^[22m[39m[31m[1m^[22m[39m[31m[1m^[22m[39m[31m[1m^[22m[39m[31m[1m^[22m[39m[31m[1m^[22m[39m
 [90m 10 |[39m [36mimport[39m [32m"@/globals.css"[39m[33m;[39m
 [90m 11 |[39m [36mimport[39m { [33mToaster[39m } [36mfrom[39m [32m"@/components/refine-ui/notification/toaster"[39m[33m;[39m
 [90m 12 |[39m [36mimport[39m { useNotificationProvider } [36mfrom[39m [32m"@/components/refine-ui/notification/use-notification-provider"[39m[33m;[39m[0m

The export UnsavedChangesNotifier was not found in module [project]/node_modules/@refinedev/nextjs-router/dist/index.mjs [app-ssr] (ecmascript).
Did you mean to import NavigateToResource?
All exports of the module are statically known (It doesn't have dynamic exports). So it's known statically that the requested export doesn't exist.

Import traces:
  Client Component Browser:
    ./app/layout.tsx [Client Component Browser]
    ./app/layout.tsx [Server Component]

  Client Component SSR:
    ./app/layout.tsx [Client Component SSR]
    ./app/layout.tsx [Server Component]


./node_modules/@refinedev/nextjs-router/dist/index.mjs:2:1817
Export useResource doesn't exist in target module
[0m [90m 1 |[39m [32m"use client"[39m
[31m[1m>[22m[39m[90m 2 |[39m [36mimport[39m{[33mResourceContext[39m [36mas[39m [33mI[39m[33m,[39mmatchResourceFromRoute [36mas[39m [33mQ[39m}[36mfrom[39m[32m"@refinedev/core"[39m[33m;[39m[36mimport[39m{useRouter [36mas[39m b[33m,[39musePathname [36mas[39m x[33m,[39museSearchParams [36mas[39m [33mC[39m}[36mfrom[39m [32m"next/navigation.js"[39m[33m;[39m[36mimport[39m [33mB[39m [36mfrom[39m [32m"next/link.js"[39m[33m;[39m[36mimport[39m h [36mfrom[39m[32m"qs"[39m[33m;[39m[36mimport[39m f[33m,[39m{useContext [36mas[39m [33mE[39m}[36mfrom[39m[32m"react"[39m[33m;[39m[36mvar[39m [33mP[39m[33m=[39m(e[33m,[39mr)[33m=>[39m{[36mlet[39m t[33m=[39m{}[33m,[39mo[33m=[39mr[33m.[39mreplace([35m/^\/|\/$/g[39m[33m,[39m[32m""[39m)[33m,[39mn[33m=[39me[33m.[39mreplace([35m/^\/|\/$/g[39m[33m,[39m[32m""[39m)[33m,[39ms[33m=[39mo[33m.[39msplit([32m"/"[39m)[33m,[39ma[33m=[39mn[33m.[39msplit([32m"/"[39m)[33m;[39m[36mreturn[39m s[33m.[39mforEach((i[33m,[39mu)[33m=>[39m{[36mvar[39m p[33m;[39mi[33m.[39mstartsWith([32m":"[39m)[33m&&[39m((p[33m=[39ma[u])[33m==[39m[36mnull[39m[33m?[39m[36mvoid[39m [35m0[39m[33m:[39mp[33m.[39mlength)[33m>[39m[35m0[39m[33m&&[39m(t[i[33m.[39mreplace([32m":"[39m[33m,[39m[32m""[39m)][33m=[39ma[u])})[33m,[39mt}[33m;[39m[36mvar[39m [33mR[39m[33m=[39me[33m=>[39m{[36mif[39m([36mtypeof[39m e[33m>[39m[32m"u"[39m)[36mreturn[39m e[33m;[39m[36mlet[39m r[33m=[39m[33mNumber[39m(e)[33m;[39m[36mreturn[39m[32m`${r}`[39m[33m===[39me[33m?[39mr[33m:[39me}[33m;[39m[36mvar[39m [33mT[39m[33m=[39m{addQueryPrefix[33m:[39m[33m![39m[35m0[39m[33m,[39mskipNulls[33m:[39m[33m![39m[35m0[39m[33m,[39marrayFormat[33m:[39m[32m"indices"[39m[33m,[39mencode[33m:[39m[33m![39m[35m1[39m[33m,[39mencodeValuesOnly[33m:[39m[33m![39m[35m0[39m}[33m,[39mk[33m=[39m{go[33m:[39m()[33m=>[39m{[36mlet[39m{push[33m:[39me[33m,[39mreplace[33m:[39mr}[33m=[39mb()[33m,[39mt[33m=[39mx()[33m,[39mo[33m=[39m[33mC[39m()[33m;[39m[36mreturn[39m f[33m.[39museCallback(({to[33m:[39ms[33m,[39mtype[33m:[39ma[33m,[39mquery[33m:[39mi[33m,[39moptions[33m:[39m{keepQuery[33m:[39mu[33m,[39mkeepHash[33m:[39mp}[33m=[39m{}[33m,[39mhash[33m:[39mc})[33m=>[39m{[36mlet[39m m[33m=[39m[32m""[39m[33m;[39mp[33m&&[39m[36mtypeof[39m document[33m<[39m[32m"u"[39m[33m&&[39m(m[33m=[39mdocument[33m.[39mlocation[33m.[39mhash)[33m,[39mc[33m&&[39m(m[33m=[39m[32m`#${c.replace(/^#/,"")}`[39m)[33m;[39m[36mlet[39m d[33m=[39m{[33m...[39mu[33m?[39mh[33m.[39mparse(o[33m.[39mtoString()[33m,[39m{ignoreQueryPrefix[33m:[39m[33m![39m[35m0[39m})[33m:[39m{}[33m,[39m[33m...[39mi}[33m;[39md[33m.[39mto[33m&&[39m(d[33m.[39mto[33m=[39mencodeURIComponent([32m`${d.to}`[39m))[33m;[39m[36mlet[39m [33mN[39m[33m=[39m(t[33m==[39m[36mnull[39m[33m?[39m[36mvoid[39m [35m0[39m[33m:[39mt[33m.[39msplit([32m"?"[39m)[[35m0[39m][33m.[39msplit([32m"#"[39m)[[35m0[39m])[33m?[39m[33m?[39m[32m""[39m[33m,[39m[33mS[39m[33m=[39ms[33m||[39m[33mN[39m[33m,[39m$[33m=[39mm[33m.[39mlength[33m>[39m[35m1[39m[33m,[39mz[33m=[39m[33mObject[39m[33m.[39mkeys(d)[33m.[39mlength[33m>[39m[35m0[39m[33m,[39mg[33m=[39m[32m`${S}${z?h.stringify(d,T):""}${$?m:""}`[39m[33m;[39m[36mif[39m(a[33m===[39m[32m"path"[39m)[36mreturn[39m g[33m;[39ma[33m===[39m[32m"replace"[39m[33m?[39mr(g)[33m:[39me(g)}[33m,[39m[o[33m,[39me[33m,[39mr])}[33m,[39mback[33m:[39m()[33m=>[39m{[36mlet[39m{back[33m:[39me}[33m=[39mb()[33m;[39m[36mreturn[39m e}[33m,[39mparse[33m:[39m()[33m=>[39m{[36mlet[39m e[33m=[39mx()[33m,[39mr[33m=[39m[33mC[39m()[33m,[39m{resources[33m:[39mt}[33m=[39m[33mE[39m([33mI[39m)[33m,[39m{resource[33m:[39mo[33m,[39maction[33m:[39mn[33m,[39mmatchedRoute[33m:[39ms}[33m=[39mf[33m.[39museMemo(()[33m=>[39me[33m?[39m[33mQ[39m(e[33m,[39mt)[33m:[39m{found[33m:[39m[33m![39m[35m1[39m}[33m,[39m[e[33m,[39mt])[33m,[39ma[33m=[39ms[33m&&[39me[33m?[39m[33mP[39m(e[33m,[39ms)[33m:[39m{}[33m,[39mi[33m=[39ma[33m.[39mid[33m,[39mu[33m=[39mf[33m.[39museMemo(()[33m=>[39m{[36mlet[39m c[33m=[39mr[33m.[39mtoString()[33m;[39m[36mreturn[39m h[33m.[39mparse(c[33m,[39m{ignoreQueryPrefix[33m:[39m[33m![39m[35m0[39m})}[33m,[39m[r])[33m;[39m[36mreturn[39m f[33m.[39museCallback(()[33m=>[39m{[36mlet[39m c[33m=[39m{[33m...[39ma[33m,[39m[33m...[39mu}[33m;[39m[36mreturn[39m{[33m...[39mo[33m&&[39m{resource[33m:[39mo}[33m,[39m[33m...[39mn[33m&&[39m{action[33m:[39mn}[33m,[39m[33m...[39mi[33m&&[39m{id[33m:[39mdecodeURIComponent(i)}[33m,[39mpathname[33m:[39me[33m||[39m[36mvoid[39m [35m0[39m[33m,[39mparams[33m:[39m{[33m...[39mc[33m,[39mcurrent[33m:[39m[33mR[39m(c[33m.[39mcurrent)[33m,[39mpageSize[33m:[39m[33mR[39m(c[33m.[39mpageSize)[33m,[39mto[33m:[39mc[33m.[39mto[33m?[39mdecodeURIComponent(c[33m.[39mto)[33m:[39m[36mvoid[39m [35m0[39m}}}[33m,[39m[e[33m,[39mu[33m,[39ma[33m,[39mi[33m,[39mo[33m,[39mn])}[33m,[39m[33mLink[39m[33m:[39mf[33m.[39mforwardRef([36mfunction[39m({to[33m:[39mr[33m,[39m[33m...[39mt}[33m,[39mo){[36mreturn[39m f[33m.[39mcreateElement([33mB[39m[33m,[39m{href[33m:[39mr[33m,[39m[33m...[39mt[33m,[39mref[33m:[39mo})})}[33m;[39m[36mimport[39m l [36mfrom[39m[32m"react"[39m[33m;[39m[36mimport[39m{useResource [36mas[39m [33mF[39m}[36mfrom[39m[32m"@refinedev/core"[39m[33m;[39m[36mimport[39m{usePathname [36mas[39m [33mL[39m}[36mfrom[39m [32m"next/navigation.js"[39m[33m;[39m[36mvar[39m [33mM[39m[33m=[39m({children[33m:[39me})[33m=>[39m{[36mlet[39m{resource[33m:[39mr[33m,[39maction[33m:[39mt}[33m=[39m[33mF[39m()[33m,[39mo[33m=[39m[33mL[39m()[33m,[39mn[33m=[39mr[33m&&[39mt[33m?[39mr[t][33m:[39m[36mvoid[39m [35m0[39m[33m,[39ms[33m=[39m[36mtypeof[39m n[33m==[39m[32m"function"[39m[33m?[39mn[33m:[39m[36mtypeof[39m n[33m==[39m[32m"object"[39m[33m?[39mn[33m.[39mcomponent[33m:[39m[36mvoid[39m [35m0[39m[33m;[39m[36mreturn[39m l[33m.[39mcreateElement(l[33m.[39m[33mFragment[39m[33m,[39m[36mnull[39m[33m,[39me[33m?[39me(s[33m?[39ml[33m.[39mcreateElement(s[33m,[39m[36mnull[39m)[33m:[39m[36mvoid[39m [35m0[39m[33m,[39mo[33m?[39m[33m?[39m[36mvoid[39m [35m0[39m)[33m:[39ms[33m?[39ml[33m.[39mcreateElement(s[33m,[39m[36mnull[39m)[33m:[39m[36mvoid[39m [35m0[39m)}[33m;[39m[36mimport[39m{useResource [36mas[39m [33mU[39m[33m,[39museGetToPath [36mas[39m j}[36mfrom[39m[32m"@refinedev/core"[39m[33m;[39m[36mimport[39m y [36mfrom[39m[32m"react"[39m[33m;[39m[36mimport[39m{useRouter [36mas[39m [33mO[39m}[36mfrom[39m [32m"next/navigation.js"[39m[33m;[39m[36mvar[39m v[33m=[39m({resource[33m:[39me[33m,[39mmeta[33m:[39mr})[33m=>[39m{[36mlet[39m t[33m=[39my[33m.[39museRef([33m![39m[35m1[39m)[33m,[39m{replace[33m:[39mo}[33m=[39m[33mO[39m()[33m,[39mn[33m=[39mj()[33m,[39m{resource[33m:[39ms[33m,[39mresources[33m:[39ma}[33m=[39m[33mU[39m(e)[33m,[39mi[33m=[39my[33m.[39museMemo(()[33m=>[39ms[33m||[39ma[33m.[39mfind(u[33m=>[39mu[33m.[39mlist)[33m,[39m[s[33m,[39ma])[33m;[39m[36mreturn[39m y[33m.[39museEffect(()[33m=>[39m{[36mif[39m(i[33m&&[39m[33m![39mt[33m.[39mcurrent){[36mlet[39m u[33m=[39mn({resource[33m:[39mi[33m,[39maction[33m:[39m[32m"list"[39m[33m,[39mmeta[33m:[39mr})[33m;[39mu[33m&&[39mo(u)[33m,[39mt[33m.[39mcurrent[33m=[39m[33m![39m[35m0[39m}}[33m,[39m[i[33m,[39mo[33m,[39mr[33m,[39mn])[33m,[39m[36mnull[39m}[33m;[39m[36mimport[39m [33mA[39m [36mfrom[39m[32m"qs"[39m[33m;[39m[36mvar[39m [33mG[39m[33m=[39me[33m=>[39m{[36mlet[39m r[33m=[39m[33mA[39m[33m.[39mparse(e[33m,[39m{ignoreQueryPrefix[33m:[39m[33m![39m[35m0[39m})[33m,[39mt[33m=[39m{[33m...[39mr[33m,[39mpagination[33m:[39m{current[33m:[39mr[33m.[39mcurrent[33m,[39mpageSize[33m:[39mr[33m.[39mpageSize}}[33m;[39m[36mreturn[39m [36mdelete[39m t[33m.[39mcurrent[33m,[39m[36mdelete[39m t[33m.[39mpageSize[33m,[39mt}[33m,[39m[33mH[39m[33m=[39m[33mG[39m[33m;[39m[36mexport[39m{v [36mas[39m [33mNavigateToResource[39m[33m,[39m[33mM[39m [36mas[39m [33mRefineRoutes[39m[33m,[39mk [36mas[39m [36mdefault[39m[33m,[39m[33mP[39m [36mas[39m paramsFromCurrentPath[33m,[39m[33mH[39m [36mas[39m parseTableParams[33m,[39m[33mT[39m [36mas[39m stringifyConfig}[33m;[39m
 [90m   |[39m                                                                                                                                                                                                                                                                                                                                                                                                                                                                                                                                                                                                                                                                                                                                                                                                                                                                                                                                                                                                                                                                                                                                                                                                                                                                                                                                                                                                                                                                                                                                                                                                                                                                                                                                                                                                                                                                                         [31m[1m^[22m[39m[31m[1m^[22m[39m[31m[1m^[22m[39m[31m[1m^[22m[39m[31m[1m^[22m[39m[31m[1m^[22m[39m[31m[1m^[22m[39m[31m[1m^[22m[39m[31m[1m^[22m[39m[31m[1m^[22m[39m[31m[1m^[22m[39m[31m[1m^[22m[39m[31m[1m^[22m[39m[31m[1m^[22m[39m[31m[1m^[22m[39m[31m[1m^[22m[39m[31m[1m^[22m[39m[31m[1m^[22m[39m[31m[1m^[22m[39m[31m[1m^[22m[39m[31m[1m^[22m[39m[31m[1m^[22m[39m[31m[1m^[22m[39m[31m[1m^[22m[39m[31m[1m^[22m[39m[31m[1m^[22m[39m[31m[1m^[22m[39m[31m[1m^[22m[39m[31m[1m^[22m[39m[31m[1m^[22m[39m[31m[1m^[22m[39m[31m[1m^[22m[39m[31m[1m^[22m[39m[31m[1m^[22m[39m[31m[1m^[22m[39m[31m[1m^[22m[39m[31m[1m^[22m[39m[31m[1m^[22m[39m[31m[1m^[22m[39m[31m[1m^[22m[39m[31m[1m^[22m[39m[31m[1m^[22m[39m[31m[1m^[22m[39m[31m[1m^[22m[39m[31m[1m^[22m[39m[31m[1m^[22m[39m
 [90m 3 |[39m [90m//# sourceMappingURL=index.mjs.map[39m[0m

The export useResource was not found in module [project]/node_modules/@refinedev/core/dist/index.mjs [app-client] (ecmascript).
Did you mean to import useResourceParams?
All exports of the module are statically known (It doesn't have dynamic exports). So it's known statically that the requested export doesn't exist.

Import traces:
  Client Component Browser:
    ./node_modules/@refinedev/nextjs-router/dist/index.mjs [Client Component Browser]
    ./app/layout.tsx [Client Component Browser]
    ./app/layout.tsx [Server Component]

  Client Component SSR:
    ./node_modules/@refinedev/nextjs-router/dist/index.mjs [Client Component SSR]
    ./app/layout.tsx [Client Component SSR]
    ./app/layout.tsx [Server Component]


./node_modules/@refinedev/nextjs-router/dist/index.mjs:2:2175
Export useResource doesn't exist in target module
[0m [90m 1 |[39m [32m"use client"[39m
[31m[1m>[22m[39m[90m 2 |[39m [36mimport[39m{[33mResourceContext[39m [36mas[39m [33mI[39m[33m,[39mmatchResourceFromRoute [36mas[39m [33mQ[39m}[36mfrom[39m[32m"@refinedev/core"[39m[33m;[39m[36mimport[39m{useRouter [36mas[39m b[33m,[39musePathname [36mas[39m x[33m,[39museSearchParams [36mas[39m [33mC[39m}[36mfrom[39m [32m"next/navigation.js"[39m[33m;[39m[36mimport[39m [33mB[39m [36mfrom[39m [32m"next/link.js"[39m[33m;[39m[36mimport[39m h [36mfrom[39m[32m"qs"[39m[33m;[39m[36mimport[39m f[33m,[39m{useContext [36mas[39m [33mE[39m}[36mfrom[39m[32m"react"[39m[33m;[39m[36mvar[39m [33mP[39m[33m=[39m(e[33m,[39mr)[33m=>[39m{[36mlet[39m t[33m=[39m{}[33m,[39mo[33m=[39mr[33m.[39mreplace([35m/^\/|\/$/g[39m[33m,[39m[32m""[39m)[33m,[39mn[33m=[39me[33m.[39mreplace([35m/^\/|\/$/g[39m[33m,[39m[32m""[39m)[33m,[39ms[33m=[39mo[33m.[39msplit([32m"/"[39m)[33m,[39ma[33m=[39mn[33m.[39msplit([32m"/"[39m)[33m;[39m[36mreturn[39m s[33m.[39mforEach((i[33m,[39mu)[33m=>[39m{[36mvar[39m p[33m;[39mi[33m.[39mstartsWith([32m":"[39m)[33m&&[39m((p[33m=[39ma[u])[33m==[39m[36mnull[39m[33m?[39m[36mvoid[39m [35m0[39m[33m:[39mp[33m.[39mlength)[33m>[39m[35m0[39m[33m&&[39m(t[i[33m.[39mreplace([32m":"[39m[33m,[39m[32m""[39m)][33m=[39ma[u])})[33m,[39mt}[33m;[39m[36mvar[39m [33mR[39m[33m=[39me[33m=>[39m{[36mif[39m([36mtypeof[39m e[33m>[39m[32m"u"[39m)[36mreturn[39m e[33m;[39m[36mlet[39m r[33m=[39m[33mNumber[39m(e)[33m;[39m[36mreturn[39m[32m`${r}`[39m[33m===[39me[33m?[39mr[33m:[39me}[33m;[39m[36mvar[39m [33mT[39m[33m=[39m{addQueryPrefix[33m:[39m[33m![39m[35m0[39m[33m,[39mskipNulls[33m:[39m[33m![39m[35m0[39m[33m,[39marrayFormat[33m:[39m[32m"indices"[39m[33m,[39mencode[33m:[39m[33m![39m[35m1[39m[33m,[39mencodeValuesOnly[33m:[39m[33m![39m[35m0[39m}[33m,[39mk[33m=[39m{go[33m:[39m()[33m=>[39m{[36mlet[39m{push[33m:[39me[33m,[39mreplace[33m:[39mr}[33m=[39mb()[33m,[39mt[33m=[39mx()[33m,[39mo[33m=[39m[33mC[39m()[33m;[39m[36mreturn[39m f[33m.[39museCallback(({to[33m:[39ms[33m,[39mtype[33m:[39ma[33m,[39mquery[33m:[39mi[33m,[39moptions[33m:[39m{keepQuery[33m:[39mu[33m,[39mkeepHash[33m:[39mp}[33m=[39m{}[33m,[39mhash[33m:[39mc})[33m=>[39m{[36mlet[39m m[33m=[39m[32m""[39m[33m;[39mp[33m&&[39m[36mtypeof[39m document[33m<[39m[32m"u"[39m[33m&&[39m(m[33m=[39mdocument[33m.[39mlocation[33m.[39mhash)[33m,[39mc[33m&&[39m(m[33m=[39m[32m`#${c.replace(/^#/,"")}`[39m)[33m;[39m[36mlet[39m d[33m=[39m{[33m...[39mu[33m?[39mh[33m.[39mparse(o[33m.[39mtoString()[33m,[39m{ignoreQueryPrefix[33m:[39m[33m![39m[35m0[39m})[33m:[39m{}[33m,[39m[33m...[39mi}[33m;[39md[33m.[39mto[33m&&[39m(d[33m.[39mto[33m=[39mencodeURIComponent([32m`${d.to}`[39m))[33m;[39m[36mlet[39m [33mN[39m[33m=[39m(t[33m==[39m[36mnull[39m[33m?[39m[36mvoid[39m [35m0[39m[33m:[39mt[33m.[39msplit([32m"?"[39m)[[35m0[39m][33m.[39msplit([32m"#"[39m)[[35m0[39m])[33m?[39m[33m?[39m[32m""[39m[33m,[39m[33mS[39m[33m=[39ms[33m||[39m[33mN[39m[33m,[39m$[33m=[39mm[33m.[39mlength[33m>[39m[35m1[39m[33m,[39mz[33m=[39m[33mObject[39m[33m.[39mkeys(d)[33m.[39mlength[33m>[39m[35m0[39m[33m,[39mg[33m=[39m[32m`${S}${z?h.stringify(d,T):""}${$?m:""}`[39m[33m;[39m[36mif[39m(a[33m===[39m[32m"path"[39m)[36mreturn[39m g[33m;[39ma[33m===[39m[32m"replace"[39m[33m?[39mr(g)[33m:[39me(g)}[33m,[39m[o[33m,[39me[33m,[39mr])}[33m,[39mback[33m:[39m()[33m=>[39m{[36mlet[39m{back[33m:[39me}[33m=[39mb()[33m;[39m[36mreturn[39m e}[33m,[39mparse[33m:[39m()[33m=>[39m{[36mlet[39m e[33m=[39mx()[33m,[39mr[33m=[39m[33mC[39m()[33m,[39m{resources[33m:[39mt}[33m=[39m[33mE[39m([33mI[39m)[33m,[39m{resource[33m:[39mo[33m,[39maction[33m:[39mn[33m,[39mmatchedRoute[33m:[39ms}[33m=[39mf[33m.[39museMemo(()[33m=>[39me[33m?[39m[33mQ[39m(e[33m,[39mt)[33m:[39m{found[33m:[39m[33m![39m[35m1[39m}[33m,[39m[e[33m,[39mt])[33m,[39ma[33m=[39ms[33m&&[39me[33m?[39m[33mP[39m(e[33m,[39ms)[33m:[39m{}[33m,[39mi[33m=[39ma[33m.[39mid[33m,[39mu[33m=[39mf[33m.[39museMemo(()[33m=>[39m{[36mlet[39m c[33m=[39mr[33m.[39mtoString()[33m;[39m[36mreturn[39m h[33m.[39mparse(c[33m,[39m{ignoreQueryPrefix[33m:[39m[33m![39m[35m0[39m})}[33m,[39m[r])[33m;[39m[36mreturn[39m f[33m.[39museCallback(()[33m=>[39m{[36mlet[39m c[33m=[39m{[33m...[39ma[33m,[39m[33m...[39mu}[33m;[39m[36mreturn[39m{[33m...[39mo[33m&&[39m{resource[33m:[39mo}[33m,[39m[33m...[39mn[33m&&[39m{action[33m:[39mn}[33m,[39m[33m...[39mi[33m&&[39m{id[33m:[39mdecodeURIComponent(i)}[33m,[39mpathname[33m:[39me[33m||[39m[36mvoid[39m [35m0[39m[33m,[39mparams[33m:[39m{[33m...[39mc[33m,[39mcurrent[33m:[39m[33mR[39m(c[33m.[39mcurrent)[33m,[39mpageSize[33m:[39m[33mR[39m(c[33m.[39mpageSize)[33m,[39mto[33m:[39mc[33m.[39mto[33m?[39mdecodeURIComponent(c[33m.[39mto)[33m:[39m[36mvoid[39m [35m0[39m}}}[33m,[39m[e[33m,[39mu[33m,[39ma[33m,[39mi[33m,[39mo[33m,[39mn])}[33m,[39m[33mLink[39m[33m:[39mf[33m.[39mforwardRef([36mfunction[39m({to[33m:[39mr[33m,[39m[33m...[39mt}[33m,[39mo){[36mreturn[39m f[33m.[39mcreateElement([33mB[39m[33m,[39m{href[33m:[39mr[33m,[39m[33m...[39mt[33m,[39mref[33m:[39mo})})}[33m;[39m[36mimport[39m l [36mfrom[39m[32m"react"[39m[33m;[39m[36mimport[39m{useResource [36mas[39m [33mF[39m}[36mfrom[39m[32m"@refinedev/core"[39m[33m;[39m[36mimport[39m{usePathname [36mas[39m [33mL[39m}[36mfrom[39m [32m"next/navigation.js"[39m[33m;[39m[36mvar[39m [33mM[39m[33m=[39m({children[33m:[39me})[33m=>[39m{[36mlet[39m{resource[33m:[39mr[33m,[39maction[33m:[39mt}[33m=[39m[33mF[39m()[33m,[39mo[33m=[39m[33mL[39m()[33m,[39mn[33m=[39mr[33m&&[39mt[33m?[39mr[t][33m:[39m[36mvoid[39m [35m0[39m[33m,[39ms[33m=[39m[36mtypeof[39m n[33m==[39m[32m"function"[39m[33m?[39mn[33m:[39m[36mtypeof[39m n[33m==[39m[32m"object"[39m[33m?[39mn[33m.[39mcomponent[33m:[39m[36mvoid[39m [35m0[39m[33m;[39m[36mreturn[39m l[33m.[39mcreateElement(l[33m.[39m[33mFragment[39m[33m,[39m[36mnull[39m[33m,[39me[33m?[39me(s[33m?[39ml[33m.[39mcreateElement(s[33m,[39m[36mnull[39m)[33m:[39m[36mvoid[39m [35m0[39m[33m,[39mo[33m?[39m[33m?[39m[36mvoid[39m [35m0[39m)[33m:[39ms[33m?[39ml[33m.[39mcreateElement(s[33m,[39m[36mnull[39m)[33m:[39m[36mvoid[39m [35m0[39m)}[33m;[39m[36mimport[39m{useResource [36mas[39m [33mU[39m[33m,[39museGetToPath [36mas[39m j}[36mfrom[39m[32m"@refinedev/core"[39m[33m;[39m[36mimport[39m y [36mfrom[39m[32m"react"[39m[33m;[39m[36mimport[39m{useRouter [36mas[39m [33mO[39m}[36mfrom[39m [32m"next/navigation.js"[39m[33m;[39m[36mvar[39m v[33m=[39m({resource[33m:[39me[33m,[39mmeta[33m:[39mr})[33m=>[39m{[36mlet[39m t[33m=[39my[33m.[39museRef([33m![39m[35m1[39m)[33m,[39m{replace[33m:[39mo}[33m=[39m[33mO[39m()[33m,[39mn[33m=[39mj()[33m,[39m{resource[33m:[39ms[33m,[39mresources[33m:[39ma}[33m=[39m[33mU[39m(e)[33m,[39mi[33m=[39my[33m.[39museMemo(()[33m=>[39ms[33m||[39ma[33m.[39mfind(u[33m=>[39mu[33m.[39mlist)[33m,[39m[s[33m,[39ma])[33m;[39m[36mreturn[39m y[33m.[39museEffect(()[33m=>[39m{[36mif[39m(i[33m&&[39m[33m![39mt[33m.[39mcurrent){[36mlet[39m u[33m=[39mn({resource[33m:[39mi[33m,[39maction[33m:[39m[32m"list"[39m[33m,[39mmeta[33m:[39mr})[33m;[39mu[33m&&[39mo(u)[33m,[39mt[33m.[39mcurrent[33m=[39m[33m![39m[35m0[39m}}[33m,[39m[i[33m,[39mo[33m,[39mr[33m,[39mn])[33m,[39m[36mnull[39m}[33m;[39m[36mimport[39m [33mA[39m [36mfrom[39m[32m"qs"[39m[33m;[39m[36mvar[39m [33mG[39m[33m=[39me[33m=>[39m{[36mlet[39m r[33m=[39m[33mA[39m[33m.[39mparse(e[33m,[39m{ignoreQueryPrefix[33m:[39m[33m![39m[35m0[39m})[33m,[39mt[33m=[39m{[33m...[39mr[33m,[39mpagination[33m:[39m{current[33m:[39mr[33m.[39mcurrent[33m,[39mpageSize[33m:[39mr[33m.[39mpageSize}}[33m;[39m[36mreturn[39m [36mdelete[39m t[33m.[39mcurrent[33m,[39m[36mdelete[39m t[33m.[39mpageSize[33m,[39mt}[33m,[39m[33mH[39m[33m=[39m[33mG[39m[33m;[39m[36mexport[39m{v [36mas[39m [33mNavigateToResource[39m[33m,[39m[33mM[39m [36mas[39m [33mRefineRoutes[39m[33m,[39mk [36mas[39m [36mdefault[39m[33m,[39m[33mP[39m [36mas[39m paramsFromCurrentPath[33m,[39m[33mH[39m [36mas[39m parseTableParams[33m,[39m[33mT[39m [36mas[39m stringifyConfig}[33m;[39m
 [90m   |[39m                                                                                                                                                                                                                                                                                                                                                                                                                                                                                                                                                                                                                                                                                                                                                                                                                                                                                                                                                                                                                                                                                                                                                                                                                                                                                                                                                                                                                                                                                                                                                                                                                                                                                                                                                                                                                                                                                                                                                                                                                                                                                                                                                                                                                                                               [31m[1m^[22m[39m[31m[1m^[22m[39m[31m[1m^[22m[39m[31m[1m^[22m[39m[31m[1m^[22m[39m[31m[1m^[22m[39m[31m[1m^[22m[39m[31m[1m^[22m[39m[31m[1m^[22m[39m[31m[1m^[22m[39m[31m[1m^[22m[39m[31m[1m^[22m[39m[31m[1m^[22m[39m[31m[1m^[22m[39m[31m[1m^[22m[39m[31m[1m^[22m[39m[31m[1m^[22m[39m[31m[1m^[22m[39m[31m[1m^[22m[39m[31m[1m^[22m[39m[31m[1m^[22m[39m[31m[1m^[22m[39m[31m[1m^[22m[39m[31m[1m^[22m[39m[31m[1m^[22m[39m[31m[1m^[22m[39m[31m[1m^[22m[39m[31m[1m^[22m[39m[31m[1m^[22m[39m[31m[1m^[22m[39m[31m[1m^[22m[39m[31m[1m^[22m[39m[31m[1m^[22m[39m[31m[1m^[22m[39m[31m[1m^[22m[39m[31m[1m^[22m[39m[31m[1m^[22m[39m[31m[1m^[22m[39m[31m[1m^[22m[39m[31m[1m^[22m[39m[31m[1m^[22m[39m[31m[1m^[22m[39m[31m[1m^[22m[39m[31m[1m^[22m[39m[31m[1m^[22m[39m[31m[1m^[22m[39m[31m[1m^[22m[39m[31m[1m^[22m[39m[31m[1m^[22m[39m[31m[1m^[22m[39m[31m[1m^[22m[39m[31m[1m^[22m[39m[31m[1m^[22m[39m[31m[1m^[22m[39m[31m[1m^[22m[39m[31m[1m^[22m[39m[31m[1m^[22m[39m[31m[1m^[22m[39m[31m[1m^[22m[39m[31m[1m^[22m[39m[31m[1m^[22m[39m[31m[1m^[22m[39m[31m[1m^[22m[39m[31m[1m^[22m[39m
 [90m 3 |[39m [90m//# sourceMappingURL=index.mjs.map[39m[0m

The export useResource was not found in module [project]/node_modules/@refinedev/core/dist/index.mjs [app-client] (ecmascript).
Did you mean to import useResourceParams?
All exports of the module are statically known (It doesn't have dynamic exports). So it's known statically that the requested export doesn't exist.

Import traces:
  Client Component Browser:
    ./node_modules/@refinedev/nextjs-router/dist/index.mjs [Client Component Browser]
    ./app/layout.tsx [Client Component Browser]
    ./app/layout.tsx [Server Component]

  Client Component SSR:
    ./node_modules/@refinedev/nextjs-router/dist/index.mjs [Client Component SSR]
    ./app/layout.tsx [Client Component SSR]
    ./app/layout.tsx [Server Component]


./node_modules/@refinedev/nextjs-router/dist/index.mjs:2:1817
Export useResource doesn't exist in target module
[0m [90m 1 |[39m [32m"use client"[39m
[31m[1m>[22m[39m[90m 2 |[39m [36mimport[39m{[33mResourceContext[39m [36mas[39m [33mI[39m[33m,[39mmatchResourceFromRoute [36mas[39m [33mQ[39m}[36mfrom[39m[32m"@refinedev/core"[39m[33m;[39m[36mimport[39m{useRouter [36mas[39m b[33m,[39musePathname [36mas[39m x[33m,[39museSearchParams [36mas[39m [33mC[39m}[36mfrom[39m [32m"next/navigation.js"[39m[33m;[39m[36mimport[39m [33mB[39m [36mfrom[39m [32m"next/link.js"[39m[33m;[39m[36mimport[39m h [36mfrom[39m[32m"qs"[39m[33m;[39m[36mimport[39m f[33m,[39m{useContext [36mas[39m [33mE[39m}[36mfrom[39m[32m"react"[39m[33m;[39m[36mvar[39m [33mP[39m[33m=[39m(e[33m,[39mr)[33m=>[39m{[36mlet[39m t[33m=[39m{}[33m,[39mo[33m=[39mr[33m.[39mreplace([35m/^\/|\/$/g[39m[33m,[39m[32m""[39m)[33m,[39mn[33m=[39me[33m.[39mreplace([35m/^\/|\/$/g[39m[33m,[39m[32m""[39m)[33m,[39ms[33m=[39mo[33m.[39msplit([32m"/"[39m)[33m,[39ma[33m=[39mn[33m.[39msplit([32m"/"[39m)[33m;[39m[36mreturn[39m s[33m.[39mforEach((i[33m,[39mu)[33m=>[39m{[36mvar[39m p[33m;[39mi[33m.[39mstartsWith([32m":"[39m)[33m&&[39m((p[33m=[39ma[u])[33m==[39m[36mnull[39m[33m?[39m[36mvoid[39m [35m0[39m[33m:[39mp[33m.[39mlength)[33m>[39m[35m0[39m[33m&&[39m(t[i[33m.[39mreplace([32m":"[39m[33m,[39m[32m""[39m)][33m=[39ma[u])})[33m,[39mt}[33m;[39m[36mvar[39m [33mR[39m[33m=[39me[33m=>[39m{[36mif[39m([36mtypeof[39m e[33m>[39m[32m"u"[39m)[36mreturn[39m e[33m;[39m[36mlet[39m r[33m=[39m[33mNumber[39m(e)[33m;[39m[36mreturn[39m[32m`${r}`[39m[33m===[39me[33m?[39mr[33m:[39me}[33m;[39m[36mvar[39m [33mT[39m[33m=[39m{addQueryPrefix[33m:[39m[33m![39m[35m0[39m[33m,[39mskipNulls[33m:[39m[33m![39m[35m0[39m[33m,[39marrayFormat[33m:[39m[32m"indices"[39m[33m,[39mencode[33m:[39m[33m![39m[35m1[39m[33m,[39mencodeValuesOnly[33m:[39m[33m![39m[35m0[39m}[33m,[39mk[33m=[39m{go[33m:[39m()[33m=>[39m{[36mlet[39m{push[33m:[39me[33m,[39mreplace[33m:[39mr}[33m=[39mb()[33m,[39mt[33m=[39mx()[33m,[39mo[33m=[39m[33mC[39m()[33m;[39m[36mreturn[39m f[33m.[39museCallback(({to[33m:[39ms[33m,[39mtype[33m:[39ma[33m,[39mquery[33m:[39mi[33m,[39moptions[33m:[39m{keepQuery[33m:[39mu[33m,[39mkeepHash[33m:[39mp}[33m=[39m{}[33m,[39mhash[33m:[39mc})[33m=>[39m{[36mlet[39m m[33m=[39m[32m""[39m[33m;[39mp[33m&&[39m[36mtypeof[39m document[33m<[39m[32m"u"[39m[33m&&[39m(m[33m=[39mdocument[33m.[39mlocation[33m.[39mhash)[33m,[39mc[33m&&[39m(m[33m=[39m[32m`#${c.replace(/^#/,"")}`[39m)[33m;[39m[36mlet[39m d[33m=[39m{[33m...[39mu[33m?[39mh[33m.[39mparse(o[33m.[39mtoString()[33m,[39m{ignoreQueryPrefix[33m:[39m[33m![39m[35m0[39m})[33m:[39m{}[33m,[39m[33m...[39mi}[33m;[39md[33m.[39mto[33m&&[39m(d[33m.[39mto[33m=[39mencodeURIComponent([32m`${d.to}`[39m))[33m;[39m[36mlet[39m [33mN[39m[33m=[39m(t[33m==[39m[36mnull[39m[33m?[39m[36mvoid[39m [35m0[39m[33m:[39mt[33m.[39msplit([32m"?"[39m)[[35m0[39m][33m.[39msplit([32m"#"[39m)[[35m0[39m])[33m?[39m[33m?[39m[32m""[39m[33m,[39m[33mS[39m[33m=[39ms[33m||[39m[33mN[39m[33m,[39m$[33m=[39mm[33m.[39mlength[33m>[39m[35m1[39m[33m,[39mz[33m=[39m[33mObject[39m[33m.[39mkeys(d)[33m.[39mlength[33m>[39m[35m0[39m[33m,[39mg[33m=[39m[32m`${S}${z?h.stringify(d,T):""}${$?m:""}`[39m[33m;[39m[36mif[39m(a[33m===[39m[32m"path"[39m)[36mreturn[39m g[33m;[39ma[33m===[39m[32m"replace"[39m[33m?[39mr(g)[33m:[39me(g)}[33m,[39m[o[33m,[39me[33m,[39mr])}[33m,[39mback[33m:[39m()[33m=>[39m{[36mlet[39m{back[33m:[39me}[33m=[39mb()[33m;[39m[36mreturn[39m e}[33m,[39mparse[33m:[39m()[33m=>[39m{[36mlet[39m e[33m=[39mx()[33m,[39mr[33m=[39m[33mC[39m()[33m,[39m{resources[33m:[39mt}[33m=[39m[33mE[39m([33mI[39m)[33m,[39m{resource[33m:[39mo[33m,[39maction[33m:[39mn[33m,[39mmatchedRoute[33m:[39ms}[33m=[39mf[33m.[39museMemo(()[33m=>[39me[33m?[39m[33mQ[39m(e[33m,[39mt)[33m:[39m{found[33m:[39m[33m![39m[35m1[39m}[33m,[39m[e[33m,[39mt])[33m,[39ma[33m=[39ms[33m&&[39me[33m?[39m[33mP[39m(e[33m,[39ms)[33m:[39m{}[33m,[39mi[33m=[39ma[33m.[39mid[33m,[39mu[33m=[39mf[33m.[39museMemo(()[33m=>[39m{[36mlet[39m c[33m=[39mr[33m.[39mtoString()[33m;[39m[36mreturn[39m h[33m.[39mparse(c[33m,[39m{ignoreQueryPrefix[33m:[39m[33m![39m[35m0[39m})}[33m,[39m[r])[33m;[39m[36mreturn[39m f[33m.[39museCallback(()[33m=>[39m{[36mlet[39m c[33m=[39m{[33m...[39ma[33m,[39m[33m...[39mu}[33m;[39m[36mreturn[39m{[33m...[39mo[33m&&[39m{resource[33m:[39mo}[33m,[39m[33m...[39mn[33m&&[39m{action[33m:[39mn}[33m,[39m[33m...[39mi[33m&&[39m{id[33m:[39mdecodeURIComponent(i)}[33m,[39mpathname[33m:[39me[33m||[39m[36mvoid[39m [35m0[39m[33m,[39mparams[33m:[39m{[33m...[39mc[33m,[39mcurrent[33m:[39m[33mR[39m(c[33m.[39mcurrent)[33m,[39mpageSize[33m:[39m[33mR[39m(c[33m.[39mpageSize)[33m,[39mto[33m:[39mc[33m.[39mto[33m?[39mdecodeURIComponent(c[33m.[39mto)[33m:[39m[36mvoid[39m [35m0[39m}}}[33m,[39m[e[33m,[39mu[33m,[39ma[33m,[39mi[33m,[39mo[33m,[39mn])}[33m,[39m[33mLink[39m[33m:[39mf[33m.[39mforwardRef([36mfunction[39m({to[33m:[39mr[33m,[39m[33m...[39mt}[33m,[39mo){[36mreturn[39m f[33m.[39mcreateElement([33mB[39m[33m,[39m{href[33m:[39mr[33m,[39m[33m...[39mt[33m,[39mref[33m:[39mo})})}[33m;[39m[36mimport[39m l [36mfrom[39m[32m"react"[39m[33m;[39m[36mimport[39m{useResource [36mas[39m [33mF[39m}[36mfrom[39m[32m"@refinedev/core"[39m[33m;[39m[36mimport[39m{usePathname [36mas[39m [33mL[39m}[36mfrom[39m [32m"next/navigation.js"[39m[33m;[39m[36mvar[39m [33mM[39m[33m=[39m({children[33m:[39me})[33m=>[39m{[36mlet[39m{resource[33m:[39mr[33m,[39maction[33m:[39mt}[33m=[39m[33mF[39m()[33m,[39mo[33m=[39m[33mL[39m()[33m,[39mn[33m=[39mr[33m&&[39mt[33m?[39mr[t][33m:[39m[36mvoid[39m [35m0[39m[33m,[39ms[33m=[39m[36mtypeof[39m n[33m==[39m[32m"function"[39m[33m?[39mn[33m:[39m[36mtypeof[39m n[33m==[39m[32m"object"[39m[33m?[39mn[33m.[39mcomponent[33m:[39m[36mvoid[39m [35m0[39m[33m;[39m[36mreturn[39m l[33m.[39mcreateElement(l[33m.[39m[33mFragment[39m[33m,[39m[36mnull[39m[33m,[39me[33m?[39me(s[33m?[39ml[33m.[39mcreateElement(s[33m,[39m[36mnull[39m)[33m:[39m[36mvoid[39m [35m0[39m[33m,[39mo[33m?[39m[33m?[39m[36mvoid[39m [35m0[39m)[33m:[39ms[33m?[39ml[33m.[39mcreateElement(s[33m,[39m[36mnull[39m)[33m:[39m[36mvoid[39m [35m0[39m)}[33m;[39m[36mimport[39m{useResource [36mas[39m [33mU[39m[33m,[39museGetToPath [36mas[39m j}[36mfrom[39m[32m"@refinedev/core"[39m[33m;[39m[36mimport[39m y [36mfrom[39m[32m"react"[39m[33m;[39m[36mimport[39m{useRouter [36mas[39m [33mO[39m}[36mfrom[39m [32m"next/navigation.js"[39m[33m;[39m[36mvar[39m v[33m=[39m({resource[33m:[39me[33m,[39mmeta[33m:[39mr})[33m=>[39m{[36mlet[39m t[33m=[39my[33m.[39museRef([33m![39m[35m1[39m)[33m,[39m{replace[33m:[39mo}[33m=[39m[33mO[39m()[33m,[39mn[33m=[39mj()[33m,[39m{resource[33m:[39ms[33m,[39mresources[33m:[39ma}[33m=[39m[33mU[39m(e)[33m,[39mi[33m=[39my[33m.[39museMemo(()[33m=>[39ms[33m||[39ma[33m.[39mfind(u[33m=>[39mu[33m.[39mlist)[33m,[39m[s[33m,[39ma])[33m;[39m[36mreturn[39m y[33m.[39museEffect(()[33m=>[39m{[36mif[39m(i[33m&&[39m[33m![39mt[33m.[39mcurrent){[36mlet[39m u[33m=[39mn({resource[33m:[39mi[33m,[39maction[33m:[39m[32m"list"[39m[33m,[39mmeta[33m:[39mr})[33m;[39mu[33m&&[39mo(u)[33m,[39mt[33m.[39mcurrent[33m=[39m[33m![39m[35m0[39m}}[33m,[39m[i[33m,[39mo[33m,[39mr[33m,[39mn])[33m,[39m[36mnull[39m}[33m;[39m[36mimport[39m [33mA[39m [36mfrom[39m[32m"qs"[39m[33m;[39m[36mvar[39m [33mG[39m[33m=[39me[33m=>[39m{[36mlet[39m r[33m=[39m[33mA[39m[33m.[39mparse(e[33m,[39m{ignoreQueryPrefix[33m:[39m[33m![39m[35m0[39m})[33m,[39mt[33m=[39m{[33m...[39mr[33m,[39mpagination[33m:[39m{current[33m:[39mr[33m.[39mcurrent[33m,[39mpageSize[33m:[39mr[33m.[39mpageSize}}[33m;[39m[36mreturn[39m [36mdelete[39m t[33m.[39mcurrent[33m,[39m[36mdelete[39m t[33m.[39mpageSize[33m,[39mt}[33m,[39m[33mH[39m[33m=[39m[33mG[39m[33m;[39m[36mexport[39m{v [36mas[39m [33mNavigateToResource[39m[33m,[39m[33mM[39m [36mas[39m [33mRefineRoutes[39m[33m,[39mk [36mas[39m [36mdefault[39m[33m,[39m[33mP[39m [36mas[39m paramsFromCurrentPath[33m,[39m[33mH[39m [36mas[39m parseTableParams[33m,[39m[33mT[39m [36mas[39m stringifyConfig}[33m;[39m
 [90m   |[39m                                                                                                                                                                                                                                                                                                                                                                                                                                                                                                                                                                                                                                                                                                                                                                                                                                                                                                                                                                                                                                                                                                                                                                                                                                                                                                                                                                                                                                                                                                                                                                                                                                                                                                                                                                                                                                                                                         [31m[1m^[22m[39m[31m[1m^[22m[39m[31m[1m^[22m[39m[31m[1m^[22m[39m[31m[1m^[22m[39m[31m[1m^[22m[39m[31m[1m^[22m[39m[31m[1m^[22m[39m[31m[1m^[22m[39m[31m[1m^[22m[39m[31m[1m^[22m[39m[31m[1m^[22m[39m[31m[1m^[22m[39m[31m[1m^[22m[39m[31m[1m^[22m[39m[31m[1m^[22m[39m[31m[1m^[22m[39m[31m[1m^[22m[39m[31m[1m^[22m[39m[31m[1m^[22m[39m[31m[1m^[22m[39m[31m[1m^[22m[39m[31m[1m^[22m[39m[31m[1m^[22m[39m[31m[1m^[22m[39m[31m[1m^[22m[39m[31m[1m^[22m[39m[31m[1m^[22m[39m[31m[1m^[22m[39m[31m[1m^[22m[39m[31m[1m^[22m[39m[31m[1m^[22m[39m[31m[1m^[22m[39m[31m[1m^[22m[39m[31m[1m^[22m[39m[31m[1m^[22m[39m[31m[1m^[22m[39m[31m[1m^[22m[39m[31m[1m^[22m[39m[31m[1m^[22m[39m[31m[1m^[22m[39m[31m[1m^[22m[39m[31m[1m^[22m[39m[31m[1m^[22m[39m[31m[1m^[22m[39m[31m[1m^[22m[39m
 [90m 3 |[39m [90m//# sourceMappingURL=index.mjs.map[39m[0m

The export useResource was not found in module [project]/node_modules/@refinedev/core/dist/index.mjs [app-ssr] (ecmascript).
Did you mean to import useResourceParams?
All exports of the module are statically known (It doesn't have dynamic exports). So it's known statically that the requested export doesn't exist.

Import traces:
  Client Component Browser:
    ./node_modules/@refinedev/nextjs-router/dist/index.mjs [Client Component Browser]
    ./app/layout.tsx [Client Component Browser]
    ./app/layout.tsx [Server Component]

  Client Component SSR:
    ./node_modules/@refinedev/nextjs-router/dist/index.mjs [Client Component SSR]
    ./app/layout.tsx [Client Component SSR]
    ./app/layout.tsx [Server Component]


./node_modules/@refinedev/nextjs-router/dist/index.mjs:2:2175
Export useResource doesn't exist in target module
[0m [90m 1 |[39m [32m"use client"[39m
[31m[1m>[22m[39m[90m 2 |[39m [36mimport[39m{[33mResourceContext[39m [36mas[39m [33mI[39m[33m,[39mmatchResourceFromRoute [36mas[39m [33mQ[39m}[36mfrom[39m[32m"@refinedev/core"[39m[33m;[39m[36mimport[39m{useRouter [36mas[39m b[33m,[39musePathname [36mas[39m x[33m,[39museSearchParams [36mas[39m [33mC[39m}[36mfrom[39m [32m"next/navigation.js"[39m[33m;[39m[36mimport[39m [33mB[39m [36mfrom[39m [32m"next/link.js"[39m[33m;[39m[36mimport[39m h [36mfrom[39m[32m"qs"[39m[33m;[39m[36mimport[39m f[33m,[39m{useContext [36mas[39m [33mE[39m}[36mfrom[39m[32m"react"[39m[33m;[39m[36mvar[39m [33mP[39m[33m=[39m(e[33m,[39mr)[33m=>[39m{[36mlet[39m t[33m=[39m{}[33m,[39mo[33m=[39mr[33m.[39mreplace([35m/^\/|\/$/g[39m[33m,[39m[32m""[39m)[33m,[39mn[33m=[39me[33m.[39mreplace([35m/^\/|\/$/g[39m[33m,[39m[32m""[39m)[33m,[39ms[33m=[39mo[33m.[39msplit([32m"/"[39m)[33m,[39ma[33m=[39mn[33m.[39msplit([32m"/"[39m)[33m;[39m[36mreturn[39m s[33m.[39mforEach((i[33m,[39mu)[33m=>[39m{[36mvar[39m p[33m;[39mi[33m.[39mstartsWith([32m":"[39m)[33m&&[39m((p[33m=[39ma[u])[33m==[39m[36mnull[39m[33m?[39m[36mvoid[39m [35m0[39m[33m:[39mp[33m.[39mlength)[33m>[39m[35m0[39m[33m&&[39m(t[i[33m.[39mreplace([32m":"[39m[33m,[39m[32m""[39m)][33m=[39ma[u])})[33m,[39mt}[33m;[39m[36mvar[39m [33mR[39m[33m=[39me[33m=>[39m{[36mif[39m([36mtypeof[39m e[33m>[39m[32m"u"[39m)[36mreturn[39m e[33m;[39m[36mlet[39m r[33m=[39m[33mNumber[39m(e)[33m;[39m[36mreturn[39m[32m`${r}`[39m[33m===[39me[33m?[39mr[33m:[39me}[33m;[39m[36mvar[39m [33mT[39m[33m=[39m{addQueryPrefix[33m:[39m[33m![39m[35m0[39m[33m,[39mskipNulls[33m:[39m[33m![39m[35m0[39m[33m,[39marrayFormat[33m:[39m[32m"indices"[39m[33m,[39mencode[33m:[39m[33m![39m[35m1[39m[33m,[39mencodeValuesOnly[33m:[39m[33m![39m[35m0[39m}[33m,[39mk[33m=[39m{go[33m:[39m()[33m=>[39m{[36mlet[39m{push[33m:[39me[33m,[39mreplace[33m:[39mr}[33m=[39mb()[33m,[39mt[33m=[39mx()[33m,[39mo[33m=[39m[33mC[39m()[33m;[39m[36mreturn[39m f[33m.[39museCallback(({to[33m:[39ms[33m,[39mtype[33m:[39ma[33m,[39mquery[33m:[39mi[33m,[39moptions[33m:[39m{keepQuery[33m:[39mu[33m,[39mkeepHash[33m:[39mp}[33m=[39m{}[33m,[39mhash[33m:[39mc})[33m=>[39m{[36mlet[39m m[33m=[39m[32m""[39m[33m;[39mp[33m&&[39m[36mtypeof[39m document[33m<[39m[32m"u"[39m[33m&&[39m(m[33m=[39mdocument[33m.[39mlocation[33m.[39mhash)[33m,[39mc[33m&&[39m(m[33m=[39m[32m`#${c.replace(/^#/,"")}`[39m)[33m;[39m[36mlet[39m d[33m=[39m{[33m...[39mu[33m?[39mh[33m.[39mparse(o[33m.[39mtoString()[33m,[39m{ignoreQueryPrefix[33m:[39m[33m![39m[35m0[39m})[33m:[39m{}[33m,[39m[33m...[39mi}[33m;[39md[33m.[39mto[33m&&[39m(d[33m.[39mto[33m=[39mencodeURIComponent([32m`${d.to}`[39m))[33m;[39m[36mlet[39m [33mN[39m[33m=[39m(t[33m==[39m[36mnull[39m[33m?[39m[36mvoid[39m [35m0[39m[33m:[39mt[33m.[39msplit([32m"?"[39m)[[35m0[39m][33m.[39msplit([32m"#"[39m)[[35m0[39m])[33m?[39m[33m?[39m[32m""[39m[33m,[39m[33mS[39m[33m=[39ms[33m||[39m[33mN[39m[33m,[39m$[33m=[39mm[33m.[39mlength[33m>[39m[35m1[39m[33m,[39mz[33m=[39m[33mObject[39m[33m.[39mkeys(d)[33m.[39mlength[33m>[39m[35m0[39m[33m,[39mg[33m=[39m[32m`${S}${z?h.stringify(d,T):""}${$?m:""}`[39m[33m;[39m[36mif[39m(a[33m===[39m[32m"path"[39m)[36mreturn[39m g[33m;[39ma[33m===[39m[32m"replace"[39m[33m?[39mr(g)[33m:[39me(g)}[33m,[39m[o[33m,[39me[33m,[39mr])}[33m,[39mback[33m:[39m()[33m=>[39m{[36mlet[39m{back[33m:[39me}[33m=[39mb()[33m;[39m[36mreturn[39m e}[33m,[39mparse[33m:[39m()[33m=>[39m{[36mlet[39m e[33m=[39mx()[33m,[39mr[33m=[39m[33mC[39m()[33m,[39m{resources[33m:[39mt}[33m=[39m[33mE[39m([33mI[39m)[33m,[39m{resource[33m:[39mo[33m,[39maction[33m:[39mn[33m,[39mmatchedRoute[33m:[39ms}[33m=[39mf[33m.[39museMemo(()[33m=>[39me[33m?[39m[33mQ[39m(e[33m,[39mt)[33m:[39m{found[33m:[39m[33m![39m[35m1[39m}[33m,[39m[e[33m,[39mt])[33m,[39ma[33m=[39ms[33m&&[39me[33m?[39m[33mP[39m(e[33m,[39ms)[33m:[39m{}[33m,[39mi[33m=[39ma[33m.[39mid[33m,[39mu[33m=[39mf[33m.[39museMemo(()[33m=>[39m{[36mlet[39m c[33m=[39mr[33m.[39mtoString()[33m;[39m[36mreturn[39m h[33m.[39mparse(c[33m,[39m{ignoreQueryPrefix[33m:[39m[33m![39m[35m0[39m})}[33m,[39m[r])[33m;[39m[36mreturn[39m f[33m.[39museCallback(()[33m=>[39m{[36mlet[39m c[33m=[39m{[33m...[39ma[33m,[39m[33m...[39mu}[33m;[39m[36mreturn[39m{[33m...[39mo[33m&&[39m{resource[33m:[39mo}[33m,[39m[33m...[39mn[33m&&[39m{action[33m:[39mn}[33m,[39m[33m...[39mi[33m&&[39m{id[33m:[39mdecodeURIComponent(i)}[33m,[39mpathname[33m:[39me[33m||[39m[36mvoid[39m [35m0[39m[33m,[39mparams[33m:[39m{[33m...[39mc[33m,[39mcurrent[33m:[39m[33mR[39m(c[33m.[39mcurrent)[33m,[39mpageSize[33m:[39m[33mR[39m(c[33m.[39mpageSize)[33m,[39mto[33m:[39mc[33m.[39mto[33m?[39mdecodeURIComponent(c[33m.[39mto)[33m:[39m[36mvoid[39m [35m0[39m}}}[33m,[39m[e[33m,[39mu[33m,[39ma[33m,[39mi[33m,[39mo[33m,[39mn])}[33m,[39m[33mLink[39m[33m:[39mf[33m.[39mforwardRef([36mfunction[39m({to[33m:[39mr[33m,[39m[33m...[39mt}[33m,[39mo){[36mreturn[39m f[33m.[39mcreateElement([33mB[39m[33m,[39m{href[33m:[39mr[33m,[39m[33m...[39mt[33m,[39mref[33m:[39mo})})}[33m;[39m[36mimport[39m l [36mfrom[39m[32m"react"[39m[33m;[39m[36mimport[39m{useResource [36mas[39m [33mF[39m}[36mfrom[39m[32m"@refinedev/core"[39m[33m;[39m[36mimport[39m{usePathname [36mas[39m [33mL[39m}[36mfrom[39m [32m"next/navigation.js"[39m[33m;[39m[36mvar[39m [33mM[39m[33m=[39m({children[33m:[39me})[33m=>[39m{[36mlet[39m{resource[33m:[39mr[33m,[39maction[33m:[39mt}[33m=[39m[33mF[39m()[33m,[39mo[33m=[39m[33mL[39m()[33m,[39mn[33m=[39mr[33m&&[39mt[33m?[39mr[t][33m:[39m[36mvoid[39m [35m0[39m[33m,[39ms[33m=[39m[36mtypeof[39m n[33m==[39m[32m"function"[39m[33m?[39mn[33m:[39m[36mtypeof[39m n[33m==[39m[32m"object"[39m[33m?[39mn[33m.[39mcomponent[33m:[39m[36mvoid[39m [35m0[39m[33m;[39m[36mreturn[39m l[33m.[39mcreateElement(l[33m.[39m[33mFragment[39m[33m,[39m[36mnull[39m[33m,[39me[33m?[39me(s[33m?[39ml[33m.[39mcreateElement(s[33m,[39m[36mnull[39m)[33m:[39m[36mvoid[39m [35m0[39m[33m,[39mo[33m?[39m[33m?[39m[36mvoid[39m [35m0[39m)[33m:[39ms[33m?[39ml[33m.[39mcreateElement(s[33m,[39m[36mnull[39m)[33m:[39m[36mvoid[39m [35m0[39m)}[33m;[39m[36mimport[39m{useResource [36mas[39m [33mU[39m[33m,[39museGetToPath [36mas[39m j}[36mfrom[39m[32m"@refinedev/core"[39m[33m;[39m[36mimport[39m y [36mfrom[39m[32m"react"[39m[33m;[39m[36mimport[39m{useRouter [36mas[39m [33mO[39m}[36mfrom[39m [32m"next/navigation.js"[39m[33m;[39m[36mvar[39m v[33m=[39m({resource[33m:[39me[33m,[39mmeta[33m:[39mr})[33m=>[39m{[36mlet[39m t[33m=[39my[33m.[39museRef([33m![39m[35m1[39m)[33m,[39m{replace[33m:[39mo}[33m=[39m[33mO[39m()[33m,[39mn[33m=[39mj()[33m,[39m{resource[33m:[39ms[33m,[39mresources[33m:[39ma}[33m=[39m[33mU[39m(e)[33m,[39mi[33m=[39my[33m.[39museMemo(()[33m=>[39ms[33m||[39ma[33m.[39mfind(u[33m=>[39mu[33m.[39mlist)[33m,[39m[s[33m,[39ma])[33m;[39m[36mreturn[39m y[33m.[39museEffect(()[33m=>[39m{[36mif[39m(i[33m&&[39m[33m![39mt[33m.[39mcurrent){[36mlet[39m u[33m=[39mn({resource[33m:[39mi[33m,[39maction[33m:[39m[32m"list"[39m[33m,[39mmeta[33m:[39mr})[33m;[39mu[33m&&[39mo(u)[33m,[39mt[33m.[39mcurrent[33m=[39m[33m![39m[35m0[39m}}[33m,[39m[i[33m,[39mo[33m,[39mr[33m,[39mn])[33m,[39m[36mnull[39m}[33m;[39m[36mimport[39m [33mA[39m [36mfrom[39m[32m"qs"[39m[33m;[39m[36mvar[39m [33mG[39m[33m=[39me[33m=>[39m{[36mlet[39m r[33m=[39m[33mA[39m[33m.[39mparse(e[33m,[39m{ignoreQueryPrefix[33m:[39m[33m![39m[35m0[39m})[33m,[39mt[33m=[39m{[33m...[39mr[33m,[39mpagination[33m:[39m{current[33m:[39mr[33m.[39mcurrent[33m,[39mpageSize[33m:[39mr[33m.[39mpageSize}}[33m;[39m[36mreturn[39m [36mdelete[39m t[33m.[39mcurrent[33m,[39m[36mdelete[39m t[33m.[39mpageSize[33m,[39mt}[33m,[39m[33mH[39m[33m=[39m[33mG[39m[33m;[39m[36mexport[39m{v [36mas[39m [33mNavigateToResource[39m[33m,[39m[33mM[39m [36mas[39m [33mRefineRoutes[39m[33m,[39mk [36mas[39m [36mdefault[39m[33m,[39m[33mP[39m [36mas[39m paramsFromCurrentPath[33m,[39m[33mH[39m [36mas[39m parseTableParams[33m,[39m[33mT[39m [36mas[39m stringifyConfig}[33m;[39m
 [90m   |[39m                                                                                                                                                                                                                                                                                                                                                                                                                                                                                                                                                                                                                                                                                                                                                                                                                                                                                                                                                                                                                                                                                                                                                                                                                                                                                                                                                                                                                                                                                                                                                                                                                                                                                                                                                                                                                                                                                                                                                                                                                                                                                                                                                                                                                                                               [31m[1m^[22m[39m[31m[1m^[22m[39m[31m[1m^[22m[39m[31m[1m^[22m[39m[31m[1m^[22m[39m[31m[1m^[22m[39m[31m[1m^[22m[39m[31m[1m^[22m[39m[31m[1m^[22m[39m[31m[1m^[22m[39m[31m[1m^[22m[39m[31m[1m^[22m[39m[31m[1m^[22m[39m[31m[1m^[22m[39m[31m[1m^[22m[39m[31m[1m^[22m[39m[31m[1m^[22m[39m[31m[1m^[22m[39m[31m[1m^[22m[39m[31m[1m^[22m[39m[31m[1m^[22m[39m[31m[1m^[22m[39m[31m[1m^[22m[39m[31m[1m^[22m[39m[31m[1m^[22m[39m[31m[1m^[22m[39m[31m[1m^[22m[39m[31m[1m^[22m[39m[31m[1m^[22m[39m[31m[1m^[22m[39m[31m[1m^[22m[39m[31m[1m^[22m[39m[31m[1m^[22m[39m[31m[1m^[22m[39m[31m[1m^[22m[39m[31m[1m^[22m[39m[31m[1m^[22m[39m[31m[1m^[22m[39m[31m[1m^[22m[39m[31m[1m^[22m[39m[31m[1m^[22m[39m[31m[1m^[22m[39m[31m[1m^[22m[39m[31m[1m^[22m[39m[31m[1m^[22m[39m[31m[1m^[22m[39m[31m[1m^[22m[39m[31m[1m^[22m[39m[31m[1m^[22m[39m[31m[1m^[22m[39m[31m[1m^[22m[39m[31m[1m^[22m[39m[31m[1m^[22m[39m[31m[1m^[22m[39m[31m[1m^[22m[39m[31m[1m^[22m[39m[31m[1m^[22m[39m[31m[1m^[22m[39m[31m[1m^[22m[39m[31m[1m^[22m[39m[31m[1m^[22m[39m[31m[1m^[22m[39m[31m[1m^[22m[39m[31m[1m^[22m[39m
 [90m 3 |[39m [90m//# sourceMappingURL=index.mjs.map[39m[0m

The export useResource was not found in module [project]/node_modules/@refinedev/core/dist/index.mjs [app-ssr] (ecmascript).
Did you mean to import useResourceParams?
All exports of the module are statically known (It doesn't have dynamic exports). So it's known statically that the requested export doesn't exist.

Import traces:
  Client Component Browser:
    ./node_modules/@refinedev/nextjs-router/dist/index.mjs [Client Component Browser]
    ./app/layout.tsx [Client Component Browser]
    ./app/layout.tsx [Server Component]

  Client Component SSR:
    ./node_modules/@refinedev/nextjs-router/dist/index.mjs [Client Component SSR]
    ./app/layout.tsx [Client Component SSR]
    ./app/layout.tsx [Server Component]


    at <unknown> (./app/layout.tsx:4:1)
    at <unknown> (https://nextjs.org/docs/messages/module-not-found)
    at <unknown> (./app/layout.tsx:5:1)
    at <unknown> (https://nextjs.org/docs/messages/module-not-found)
    at <unknown> (./providers/data.ts:1:1)
    at <unknown> (https://nextjs.org/docs/messages/module-not-found)
    at <unknown> (./pages/classes/show.tsx:6:1)
    at <unknown> (https://nextjs.org/docs/messages/module-not-found)
    at <unknown> (./pages/departments/show.tsx:6:1)
    at <unknown> (https://nextjs.org/docs/messages/module-not-found)
    at <unknown> (./pages/faculty/list.tsx:5:1)
    at <unknown> (https://nextjs.org/docs/messages/module-not-found)
    at <unknown> (./pages/faculty/show.tsx:5:1)
    at <unknown> (https://nextjs.org/docs/messages/module-not-found)
    at <unknown> (./pages/subjects/show.tsx:5:1)
    at <unknown> (https://nextjs.org/docs/messages/module-not-found)
    at <unknown> (./app/layout.tsx:6:1)
    at <unknown> (./app/layout.tsx:6:1)
    at <unknown> (./app/layout.tsx:6:1)
    at <unknown> (./app/layout.tsx:6:1)
    at ./node_modules/ (refinedev/nextjs-router/dist/index.mjs:2:1817)
    at ./node_modules/ (refinedev/nextjs-router/dist/index.mjs:2:2175)
    at ./node_modules/ (refinedev/nextjs-router/dist/index.mjs:2:1817)
    at ./node_modules/ (refinedev/nextjs-router/dist/index.mjs:2:2175)
